Component: ARM Compiler 5.06 update 7 (build 960) Tool: armlink [4d3601]

==============================================================================

Section Cross References

    startup_stm32f446xx.o(STACK) refers (Special) to heapauxi.o(.text) for __use_two_region_memory
    startup_stm32f446xx.o(HEAP) refers (Special) to heapauxi.o(.text) for __use_two_region_memory
    startup_stm32f446xx.o(RESET) refers (Special) to heapauxi.o(.text) for __use_two_region_memory
    startup_stm32f446xx.o(RESET) refers to startup_stm32f446xx.o(STACK) for __initial_sp
    startup_stm32f446xx.o(RESET) refers to startup_stm32f446xx.o(.text) for Reset_Handler
    startup_stm32f446xx.o(RESET) refers to stm32f4xx_it.o(i.NMI_Handler) for NMI_Handler
    startup_stm32f446xx.o(RESET) refers to stm32f4xx_it.o(i.HardFault_Handler) for HardFault_Handler
    startup_stm32f446xx.o(RESET) refers to stm32f4xx_it.o(i.MemManage_Handler) for MemManage_Handler
    startup_stm32f446xx.o(RESET) refers to stm32f4xx_it.o(i.BusFault_Handler) for BusFault_Handler
    startup_stm32f446xx.o(RESET) refers to stm32f4xx_it.o(i.UsageFault_Handler) for UsageFault_Handler
    startup_stm32f446xx.o(RESET) refers to port.o(.emb_text) for SVC_Handler
    startup_stm32f446xx.o(RESET) refers to stm32f4xx_it.o(i.DebugMon_Handler) for DebugMon_Handler
    startup_stm32f446xx.o(RESET) refers to port.o(i.SysTick_Handler) for SysTick_Handler
    startup_stm32f446xx.o(RESET) refers to stm32f4xx_it.o(i.DMA1_Stream5_IRQHandler) for DMA1_Stream5_IRQHandler
    startup_stm32f446xx.o(RESET) refers to stm32f4xx_it.o(i.DMA1_Stream6_IRQHandler) for DMA1_Stream6_IRQHandler
    startup_stm32f446xx.o(RESET) refers to stm32f4xx_it.o(i.CAN1_TX_IRQHandler) for CAN1_TX_IRQHandler
    startup_stm32f446xx.o(RESET) refers to stm32f4xx_it.o(i.CAN1_RX0_IRQHandler) for CAN1_RX0_IRQHandler
    startup_stm32f446xx.o(RESET) refers to stm32f4xx_it.o(i.TIM2_IRQHandler) for TIM2_IRQHandler
    startup_stm32f446xx.o(RESET) refers to stm32f4xx_it.o(i.USART1_IRQHandler) for USART1_IRQHandler
    startup_stm32f446xx.o(RESET) refers to stm32f4xx_it.o(i.USART2_IRQHandler) for USART2_IRQHandler
    startup_stm32f446xx.o(RESET) refers to stm32f4xx_it.o(i.DMA2_Stream2_IRQHandler) for DMA2_Stream2_IRQHandler
    startup_stm32f446xx.o(RESET) refers to stm32f4xx_it.o(i.CAN2_TX_IRQHandler) for CAN2_TX_IRQHandler
    startup_stm32f446xx.o(RESET) refers to stm32f4xx_it.o(i.CAN2_RX0_IRQHandler) for CAN2_RX0_IRQHandler
    startup_stm32f446xx.o(RESET) refers to stm32f4xx_it.o(i.OTG_FS_IRQHandler) for OTG_FS_IRQHandler
    startup_stm32f446xx.o(RESET) refers to stm32f4xx_it.o(i.DMA2_Stream7_IRQHandler) for DMA2_Stream7_IRQHandler
    startup_stm32f446xx.o(.text) refers (Special) to heapauxi.o(.text) for __use_two_region_memory
    startup_stm32f446xx.o(.text) refers to system_stm32f4xx.o(i.SystemInit) for SystemInit
    startup_stm32f446xx.o(.text) refers to __main.o(!!!main) for __main
    startup_stm32f446xx.o(.text) refers to startup_stm32f446xx.o(HEAP) for Heap_Mem
    startup_stm32f446xx.o(.text) refers to startup_stm32f446xx.o(STACK) for Stack_Mem
    main.o(i.HAL_TIM_PeriodElapsedCallback) refers to stm32f4xx_hal.o(i.HAL_IncTick) for HAL_IncTick
    main.o(i.SystemClock_Config) refers to rt_memclr_w.o(.text) for __aeabi_memclr4
    main.o(i.SystemClock_Config) refers to stm32f4xx_hal_rcc_ex.o(i.HAL_RCC_OscConfig) for HAL_RCC_OscConfig
    main.o(i.SystemClock_Config) refers to stm32f4xx_hal_rcc.o(i.HAL_RCC_ClockConfig) for HAL_RCC_ClockConfig
    main.o(i.main) refers to stm32f4xx_hal.o(i.HAL_Init) for HAL_Init
    main.o(i.main) refers to main.o(i.SystemClock_Config) for SystemClock_Config
    main.o(i.main) refers to gpio.o(i.MX_GPIO_Init) for MX_GPIO_Init
    main.o(i.main) refers to dma.o(i.MX_DMA_Init) for MX_DMA_Init
    main.o(i.main) refers to can.o(i.MX_CAN1_Init) for MX_CAN1_Init
    main.o(i.main) refers to can.o(i.MX_CAN2_Init) for MX_CAN2_Init
    main.o(i.main) refers to spi.o(i.MX_SPI1_Init) for MX_SPI1_Init
    main.o(i.main) refers to usart.o(i.MX_UART4_Init) for MX_UART4_Init
    main.o(i.main) refers to usart.o(i.MX_UART5_Init) for MX_UART5_Init
    main.o(i.main) refers to usart.o(i.MX_USART1_UART_Init) for MX_USART1_UART_Init
    main.o(i.main) refers to adc.o(i.MX_ADC1_Init) for MX_ADC1_Init
    main.o(i.main) refers to i2c.o(i.MX_I2C1_Init) for MX_I2C1_Init
    main.o(i.main) refers to tim.o(i.MX_TIM8_Init) for MX_TIM8_Init
    main.o(i.main) refers to i2c.o(i.MX_I2C3_Init) for MX_I2C3_Init
    main.o(i.main) refers to spi.o(i.MX_SPI2_Init) for MX_SPI2_Init
    main.o(i.main) refers to usart.o(i.MX_USART2_UART_Init) for MX_USART2_UART_Init
    main.o(i.main) refers to tim.o(i.MX_TIM3_Init) for MX_TIM3_Init
    main.o(i.main) refers to stm32f4xx_hal_cortex.o(i.HAL_NVIC_SetPriority) for HAL_NVIC_SetPriority
    main.o(i.main) refers to drv_can.o(i.CAN1_Init) for CAN1_Init
    main.o(i.main) refers to drv_can.o(i.CAN2_Init) for CAN2_Init
[...]
    NRF24L01_Write_Reg                       0x080050b1   Thumb Code    54  as5600_task.o(i.NRF24L01_Write_Reg)
    OTG_FS_IRQHandler                        0x080050ed   Thumb Code     6  stm32f4xx_it.o(i.OTG_FS_IRQHandler)
    PosSpeed_CtrlMotor                       0x08005269   Thumb Code   104  pid.o(i.PosSpeed_CtrlMotor)
    PosSpeed_CtrlMotor2                      0x080052d9   Thumb Code   104  pid.o(i.PosSpeed_CtrlMotor2)
    RX_Mode                                  0x08005349   Thumb Code    90  as5600_task.o(i.RX_Mode)
    SPI_ReadWriteByte                        0x080053ad   Thumb Code   100  as5600_task.o(i.SPI_ReadWriteByte)
    StartDefaultTask                         0x08005423   Thumb Code    12  freertos.o(i.StartDefaultTask)
    StartTask02                              0x08005431   Thumb Code   400  arm_task.o(i.StartTask02)
    StartTask03                              0x0800560d   Thumb Code   118  potocal_task.o(i.StartTask03)
    StartTask04                              0x080056a1   Thumb Code    92  as5600_task.o(i.StartTask04)
    SysTick_Handler                          0x08005701   Thumb Code    38  port.o(i.SysTick_Handler)
    SystemClock_Config                       0x0800572d   Thumb Code   142  main.o(i.SystemClock_Config)
    SystemInit                               0x080057c5   Thumb Code    22  system_stm32f4xx.o(i.SystemInit)
    TIM2_IRQHandler                          0x080057e1   Thumb Code     6  stm32f4xx_it.o(i.TIM2_IRQHandler)
    TIM_Base_SetConfig                       0x080057ed   Thumb Code   156  stm32f4xx_hal_tim.o(i.TIM_Base_SetConfig)
    TIM_CCxChannelCmd                        0x080058b5   Thumb Code    26  stm32f4xx_hal_tim.o(i.TIM_CCxChannelCmd)
    TIM_ETR_SetConfig                        0x080058cf   Thumb Code    20  stm32f4xx_hal_tim.o(i.TIM_ETR_SetConfig)
    TIM_OC2_SetConfig                        0x08005955   Thumb Code    98  stm32f4xx_hal_tim.o(i.TIM_OC2_SetConfig)
    USART1_IRQHandler                        0x08005db1   Thumb Code    56  stm32f4xx_it.o(i.USART1_IRQHandler)
    USART2_IRQHandler                        0x08005df9   Thumb Code   198  stm32f4xx_it.o(i.USART2_IRQHandler)
    USART2_Init                              0x08005ecd   Thumb Code    52  drv_usart.o(i.USART2_Init)
    USBD_CDC_GetDeviceQualifierDescriptor    0x08006005   Thumb Code     8  usbd_cdc.o(i.USBD_CDC_GetDeviceQualifierDescriptor)
    USBD_CDC_ReceivePacket                   0x080060d7   Thumb Code    40  usbd_cdc.o(i.USBD_CDC_ReceivePacket)
    USBD_CDC_RegisterInterface               0x080060ff   Thumb Code    14  usbd_cdc.o(i.USBD_CDC_RegisterInterface)
    USBD_CDC_SetRxBuffer                     0x0800610d   Thumb Code    12  usbd_cdc.o(i.USBD_CDC_SetRxBuffer)
    USBD_CDC_SetTxBuffer                     0x08006119   Thumb Code    16  usbd_cdc.o(i.USBD_CDC_SetTxBuffer)
    USBD_ClrClassConfig                      0x080061d9   Thumb Code    16  usbd_core.o(i.USBD_ClrClassConfig)
    USBD_CtlContinueRx                       0x080061e9   Thumb Code    16  usbd_ioreq.o(i.USBD_CtlContinueRx)
    USBD_CtlContinueSendData                 0x080061f9   Thumb Code    16  usbd_ioreq.o(i.USBD_CtlContinueSendData)
    USBD_CtlError                            0x08006209   Thumb Code    22  usbd_ctlreq.o(i.USBD_CtlError)
    USBD_CtlPrepareRx                        0x0800621f   Thumb Code    30  usbd_ioreq.o(i.USBD_CtlPrepareRx)
    USBD_CtlReceiveStatus                    0x0800623d   Thumb Code    22  usbd_ioreq.o(i.USBD_CtlReceiveStatus)
    USBD_CtlSendData                         0x08006253   Thumb Code    26  usbd_ioreq.o(i.USBD_CtlSendData)
    USBD_CtlSendStatus                       0x0800626d   Thumb Code    22  usbd_ioreq.o(i.USBD_CtlSendStatus)
    USBD_FS_ConfigStrDescriptor              0x08006285   Thumb Code    16  usbd_desc.o(i.USBD_FS_ConfigStrDescriptor)
    USBD_FS_DeviceDescriptor                 0x080062a5   Thumb Code     8  usbd_desc.o(i.USBD_FS_DeviceDescriptor)
    USBD_FS_InterfaceStrDescriptor           0x080062b1   Thumb Code    16  usbd_desc.o(i.USBD_FS_InterfaceStrDescriptor)
    USBD_FS_LangIDStrDescriptor              0x080062d5   Thumb Code     8  usbd_desc.o(i.USBD_FS_LangIDStrDescriptor)
    USBD_FS_ManufacturerStrDescriptor        0x080062e1   Thumb Code    16  usbd_desc.o(i.USBD_FS_ManufacturerStrDescriptor)
    USBD_FS_ProductStrDescriptor             0x08006309   Thumb Code    16  usbd_desc.o(i.USBD_FS_ProductStrDescriptor)
    USBD_FS_SerialStrDescriptor              0x08006335   Thumb Code    48  usbd_desc.o(i.USBD_FS_SerialStrDescriptor)
    USBD_FS_USR_BOSDescriptor                0x0800636d   Thumb Code     8  usbd_desc.o(i.USBD_FS_USR_BOSDescriptor)
    USBD_GetString                           0x08006473   Thumb Code    72  usbd_ctlreq.o(i.USBD_GetString)
    USBD_Get_USB_Status                      0x080064bb   Thumb Code    24  usbd_conf.o(i.USBD_Get_USB_Status)
    USBD_Init                                0x080064d3   Thumb Code    52  usbd_core.o(i.USBD_Init)
    USBD_LL_ClearStallEP                     0x08006507   Thumb Code    18  usbd_conf.o(i.USBD_LL_ClearStallEP)
    USBD_LL_CloseEP                          0x08006519   Thumb Code    18  usbd_conf.o(i.USBD_LL_CloseEP)
    USBD_LL_DataInStage                      0x0800652b   Thumb Code   170  usbd_core.o(i.USBD_LL_DataInStage)
    USBD_LL_DataOutStage                     0x080065d5   Thumb Code   110  usbd_core.o(i.USBD_LL_DataOutStage)
    USBD_LL_DevConnected                     0x08006643   Thumb Code     4  usbd_core.o(i.USBD_LL_DevConnected)
    USBD_LL_DevDisconnected                  0x08006647   Thumb Code    24  usbd_core.o(i.USBD_LL_DevDisconnected)
    USBD_LL_GetRxDataSize                    0x0800665f   Thumb Code     8  usbd_conf.o(i.USBD_LL_GetRxDataSize)
    USBD_LL_Init                             0x08006669   Thumb Code    90  usbd_conf.o(i.USBD_LL_Init)
    USBD_LL_IsStallEP                        0x080066c9   Thumb Code    32  usbd_conf.o(i.USBD_LL_IsStallEP)
    USBD_LL_IsoINIncomplete                  0x080066e9   Thumb Code     4  usbd_core.o(i.USBD_LL_IsoINIncomplete)
    USBD_LL_IsoOUTIncomplete                 0x080066ed   Thumb Code     4  usbd_core.o(i.USBD_LL_IsoOUTIncomplete)
    USBD_LL_OpenEP                           0x080066f1   Thumb Code    24  usbd_conf.o(i.USBD_LL_OpenEP)
    USBD_LL_PrepareReceive                   0x08006709   Thumb Code    18  usbd_conf.o(i.USBD_LL_PrepareReceive)
    USBD_LL_Reset                            0x0800671b   Thumb Code    82  usbd_core.o(i.USBD_LL_Reset)
    USBD_LL_Resume                           0x0800676d   Thumb Code    20  usbd_core.o(i.USBD_LL_Resume)
    USBD_LL_SOF                              0x08006781   Thumb Code    24  usbd_core.o(i.USBD_LL_SOF)
    USBD_LL_SetSpeed                         0x08006799   Thumb Code     6  usbd_core.o(i.USBD_LL_SetSpeed)
    USBD_LL_SetUSBAddress                    0x0800679f   Thumb Code    18  usbd_conf.o(i.USBD_LL_SetUSBAddress)
    USBD_LL_SetupStage                       0x080067b1   Thumb Code    96  usbd_core.o(i.USBD_LL_SetupStage)
    USBD_LL_StallEP                          0x08006811   Thumb Code    18  usbd_conf.o(i.USBD_LL_StallEP)
    USBD_LL_Start                            0x08006823   Thumb Code    18  usbd_conf.o(i.USBD_LL_Start)
    USBD_LL_Suspend                          0x08006835   Thumb Code    18  usbd_core.o(i.USBD_LL_Suspend)
    USBD_LL_Transmit                         0x08006847   Thumb Code    18  usbd_conf.o(i.USBD_LL_Transmit)
    USBD_ParseSetupRequest                   0x08006859   Thumb Code    44  usbd_ctlreq.o(i.USBD_ParseSetupRequest)
    USBD_RegisterClass                       0x08006885   Thumb Code    34  usbd_core.o(i.USBD_RegisterClass)
    USBD_SetClassConfig                      0x080068a7   Thumb Code    20  usbd_core.o(i.USBD_SetClassConfig)
    USBD_Start                               0x08006979   Thumb Code     4  usbd_core.o(i.USBD_Start)
    USBD_StdDevReq                           0x0800697d   Thumb Code   276  usbd_ctlreq.o(i.USBD_StdDevReq)
    USBD_StdEPReq                            0x08006a91   Thumb Code   332  usbd_ctlreq.o(i.USBD_StdEPReq)
    USBD_StdItfReq                           0x08006bdd   Thumb Code    82  usbd_ctlreq.o(i.USBD_StdItfReq)
    USBD_static_free                         0x08006c2f   Thumb Code     2  usbd_conf.o(i.USBD_static_free)
    USBD_static_malloc                       0x08006c31   Thumb Code     4  usbd_conf.o(i.USBD_static_malloc)
    USB_ActivateEndpoint                     0x08006c39   Thumb Code   122  stm32f4xx_ll_usb.o(i.USB_ActivateEndpoint)
    USB_ActivateSetup                        0x08006cb9   Thumb Code    28  stm32f4xx_ll_usb.o(i.USB_ActivateSetup)
    USB_CoreInit                             0x08006cd5   Thumb Code   112  stm32f4xx_ll_usb.o(i.USB_CoreInit)
    USB_DeactivateEndpoint                   0x08006d81   Thumb Code   194  stm32f4xx_ll_usb.o(i.USB_DeactivateEndpoint)
    USB_DevConnect                           0x08006e4d   Thumb Code    28  stm32f4xx_ll_usb.o(i.USB_DevConnect)
    USB_DevDisconnect                        0x08006e69   Thumb Code    28  stm32f4xx_ll_usb.o(i.USB_DevDisconnect)
    USB_DevInit                              0x08006e85   Thumb Code   358  stm32f4xx_ll_usb.o(i.USB_DevInit)
    USB_DisableGlobalInt                     0x08006ff5   Thumb Code    12  stm32f4xx_ll_usb.o(i.USB_DisableGlobalInt)
    USB_EP0StartXfer                         0x08007001   Thumb Code   276  stm32f4xx_ll_usb.o(i.USB_EP0StartXfer)
    USB_EP0_OutStart                         0x08007119   Thumb Code    84  stm32f4xx_ll_usb.o(i.USB_EP0_OutStart)
    USB_EPClearStall                         0x08007171   Thumb Code    88  stm32f4xx_ll_usb.o(i.USB_EPClearStall)
    USB_EPSetStall                           0x080071c9   Thumb Code    88  stm32f4xx_ll_usb.o(i.USB_EPSetStall)
    USB_EPStartXfer                          0x08007221   Thumb Code   482  stm32f4xx_ll_usb.o(i.USB_EPStartXfer)
    USB_EnableGlobalInt                      0x08007409   Thumb Code    12  stm32f4xx_ll_usb.o(i.USB_EnableGlobalInt)
    USB_FlushRxFifo                          0x08007415   Thumb Code    28  stm32f4xx_ll_usb.o(i.USB_FlushRxFifo)
    USB_FlushTxFifo                          0x08007435   Thumb Code    32  stm32f4xx_ll_usb.o(i.USB_FlushTxFifo)
    USB_GetDevSpeed                          0x08007459   Thumb Code    26  stm32f4xx_ll_usb.o(i.USB_GetDevSpeed)
    USB_GetMode                              0x08007473   Thumb Code     8  stm32f4xx_ll_usb.o(i.USB_GetMode)
    USB_ReadDevAllInEpInterrupt              0x0800747b   Thumb Code    14  stm32f4xx_ll_usb.o(i.USB_ReadDevAllInEpInterrupt)
    USB_ReadDevAllOutEpInterrupt             0x08007489   Thumb Code    14  stm32f4xx_ll_usb.o(i.USB_ReadDevAllOutEpInterrupt)
    USB_ReadDevInEPInterrupt                 0x08007497   Thumb Code    36  stm32f4xx_ll_usb.o(i.USB_ReadDevInEPInterrupt)
    USB_ReadDevOutEPInterrupt                0x080074bb   Thumb Code    16  stm32f4xx_ll_usb.o(i.USB_ReadDevOutEPInterrupt)
    USB_ReadInterrupts                       0x080074cb   Thumb Code     8  stm32f4xx_ll_usb.o(i.USB_ReadInterrupts)
    USB_ReadPacket                           0x080074d3   Thumb Code    28  stm32f4xx_ll_usb.o(i.USB_ReadPacket)
    USB_SetCurrentMode                       0x080074ef   Thumb Code    46  stm32f4xx_ll_usb.o(i.USB_SetCurrentMode)
    USB_SetDevAddress                        0x0800751d   Thumb Code    34  stm32f4xx_ll_usb.o(i.USB_SetDevAddress)
    USB_SetTurnaroundTime                    0x08007541   Thumb Code   158  stm32f4xx_ll_usb.o(i.USB_SetTurnaroundTime)
    USB_WritePacket                          0x08007629   Thumb Code    36  stm32f4xx_ll_usb.o(i.USB_WritePacket)
    Update_data                              0x0800764d   Thumb Code   156  judge.o(i.Update_data)
    UsageFault_Handler                       0x080076f5   Thumb Code     2  stm32f4xx_it.o(i.UsageFault_Handler)
    Verify_CRC16_Check_Sum                   0x080076f9   Thumb Code    54  crc.o(i.Verify_CRC16_Check_Sum)
    Verify_CRC8_Check_Sum                    0x08007735   Thumb Code    38  crc.o(i.Verify_CRC8_Check_Sum)
    dji_motor_control                        0x08007979   Thumb Code   132  arm_task.o(i.dji_motor_control)
    dji_motor_get                            0x08007a0d   Thumb Code    98  arm_task.o(i.dji_motor_get)
    main                                     0x08007ae5   Thumb Code   128  main.o(i.main)
    osDelay                                  0x08007b7d   Thumb Code    14  cmsis_os.o(i.osDelay)
    osKernelStart                            0x08007b8b   Thumb Code    10  cmsis_os.o(i.osKernelStart)
    osThreadCreate                           0x08007b95   Thumb Code    84  cmsis_os.o(i.osThreadCreate)
    pid_calc                                 0x08007be9   Thumb Code   166  pid.o(i.pid_calc)
    pid_init                                 0x08007c8f   Thumb Code     6  pid.o(i.pid_init)
    pvPortMalloc                             0x08007fe1   Thumb Code   210  heap_4.o(i.pvPortMalloc)
    pxPortInitialiseStack                    0x080080b9   Thumb Code    40  port.o(i.pxPortInitialiseStack)
    remote_data_read                         0x080080e5   Thumb Code   210  rc_potocal.o(i.remote_data_read)
    set_motor_voltage                        0x080081c1   Thumb Code    86  pid.o(i.set_motor_voltage)
    set_motor_voltage_can_2                  0x0800821d   Thumb Code    86  pid.o(i.set_motor_voltage_can_2)
    uint_to_float                            0x08008279   Thumb Code    40  drv_can.o(i.uint_to_float)
    uxListRemove                             0x080082a1   Thumb Code    38  list.o(i.uxListRemove)
    vApplicationGetIdleTaskMemory            0x080082c9   Thumb Code    16  freertos.o(i.vApplicationGetIdleTaskMemory)
    vListInitialise                          0x080082dd   Thumb Code    22  list.o(i.vListInitialise)
    vListInitialiseItem                      0x080082f3   Thumb Code     6  list.o(i.vListInitialiseItem)
    vListInsert                              0x080082f9   Thumb Code    48  list.o(i.vListInsert)
    vListInsertEnd                           0x08008329   Thumb Code    24  list.o(i.vListInsertEnd)
    vPortEnterCritical                       0x08008341   Thumb Code    54  port.o(i.vPortEnterCritical)
    vPortExitCritical                        0x08008381   Thumb Code    34  port.o(i.vPortExitCritical)
    vPortFree                                0x080083a9   Thumb Code    88  heap_4.o(i.vPortFree)
    vPortSetupTimerInterrupt                 0x08008405   Thumb Code    32  port.o(i.vPortSetupTimerInterrupt)
    vTaskDelay                               0x08008429   Thumb Code    66  tasks.o(i.vTaskDelay)
    vTaskStartScheduler                      0x08008475   Thumb Code    90  tasks.o(i.vTaskStartScheduler)
    vTaskSuspendAll                          0x080084e1   Thumb Code    10  tasks.o(i.vTaskSuspendAll)
    vTaskSwitchContext                       0x080084f1   Thumb Code    82  tasks.o(i.vTaskSwitchContext)
    xPortStartScheduler                      0x0800854d   Thumb Code   222  port.o(i.xPortStartScheduler)
    xTaskCreate                              0x08008641   Thumb Code    90  tasks.o(i.xTaskCreate)
    xTaskCreateStatic                        0x0800869b   Thumb Code    86  tasks.o(i.xTaskCreateStatic)
    xTaskIncrementTick                       0x080086f1   Thumb Code   192  tasks.o(i.xTaskIncrementTick)
    xTaskResumeAll                           0x080087b9   Thumb Code   182  tasks.o(i.xTaskResumeAll)
    __aeabi_d2f                              0x0800887d   Thumb Code     0  d2f.o(x$fpl$d2f)
    _d2f                                     0x0800887d   Thumb Code    98  d2f.o(x$fpl$d2f)
    __aeabi_dadd                             0x080088e1   Thumb Code     0  daddsub_clz.o(x$fpl$dadd)
    _dadd                                    0x080088e1   Thumb Code   332  daddsub_clz.o(x$fpl$dadd)
    __fpl_dnaninf                            0x08008a31   Thumb Code   156  dnaninf.o(x$fpl$dnaninf)
    __fpl_dretinf                            0x08008acd   Thumb Code    12  dretinf.o(x$fpl$dretinf)
    __aeabi_dsub                             0x08008ad9   Thumb Code     0  daddsub_clz.o(x$fpl$dsub)
    _dsub                                    0x08008ad9   Thumb Code   464  daddsub_clz.o(x$fpl$dsub)
    __aeabi_f2d                              0x08008cad   Thumb Code     0  f2d.o(x$fpl$f2d)
    _f2d                                     0x08008cad   Thumb Code    86  f2d.o(x$fpl$f2d)
    __fpl_fnaninf                            0x08008d03   Thumb Code   140  fnaninf.o(x$fpl$fnaninf)
    _fp_init                                 0x08008d8f   Thumb Code    10  fpinit.o(x$fpl$fpinit)
    __fplib_config_fpu_vfp                   0x08008d97   Thumb Code     0  fpinit.o(x$fpl$fpinit)
    __fplib_config_pureend_doubles           0x08008d97   Thumb Code     0  fpinit.o(x$fpl$fpinit)
    __fpl_fretinf                            0x08008d99   Thumb Code    10  fretinf.o(x$fpl$fretinf)
    __I$use$fp                               0x08008da2   Number         0  usenofp.o(x$fpl$usenofp)
    AHBPrescTable                            0x08008e1c   Data          16  system_stm32f4xx.o(.constdata)
    APBPrescTable                            0x08008e2c   Data           8  system_stm32f4xx.o(.constdata)
    TX_ADDRESS                               0x08008e34   Data           5  as5600_task.o(.constdata)
    RX_ADDRESS                               0x08008e39   Data           5  as5600_task.o(.constdata)
    CRC8_TAB                                 0x08008e3e   Data         256  crc.o(.constdata)
    wCRC_Table                               0x08008f3e   Data         512  crc.o(.constdata)
    Region$$Table$$Base                      0x08009170   Number         0  anon$$obj.o(Region$$Table)
    Region$$Table$$Limit                     0x08009190   Number         0  anon$$obj.o(Region$$Table)
    remote_flag                              0x20000000   Data           1  main.o(.data)
    rx_len                                   0x20000001   Data           1  main.o(.data)
    recv_end_flag                            0x20000002   Data           1  main.o(.data)
    can_cnt_2                                0x20000004   Data           2  main.o(.data)
    defaultTaskHandle                        0x20000008   Data           4  freertos.o(.data)
    Arm_TaskHandle                           0x2000000c   Data           4  freertos.o(.data)
    sucker_TaskHandle                        0x20000010   Data           4  freertos.o(.data)
    remote_taskHandle                        0x20000014   Data           4  freertos.o(.data)
    FS_Desc                                  0x2000001c   Data          32  usbd_desc.o(.data)
    USBD_LangIDDesc                          0x2000003c   Data           4  usbd_desc.o(.data)
    USBD_FS_DeviceDesc                       0x20000040   Data          18  usbd_desc.o(.data)
    USBD_FS_BOSDesc                          0x20000054   Data          12  usbd_desc.o(.data)
    USBD_StringSerial                        0x20000060   Data          26  usbd_desc.o(.data)
    USBD_Interface_fops_FS                   0x2000007c   Data          20  usbd_cdc_if.o(.data)
    uwTickFreq                               0x20000090   Data           1  stm32f4xx_hal.o(.data)
    uwTickPrio                               0x20000094   Data           4  stm32f4xx_hal.o(.data)
    uwTick                                   0x20000098   Data           4  stm32f4xx_hal.o(.data)
    SystemCoreClock                          0x2000009c   Data           4  system_stm32f4xx.o(.data)
    USBD_CDC                                 0x2000017c   Data          56  usbd_cdc.o(.data)
    motor1_can1_zeropos                      0x200001b4   Data           4  arm_task.o(.data)
    motor1_can2_zeropos                      0x200001b8   Data           4  arm_task.o(.data)
    motor2_can2_zeropos                      0x200001bc   Data           4  arm_task.o(.data)
    motor3_can2_zeropos                      0x200001c0   Data           4  arm_task.o(.data)
    increment_can2_3                         0x200001c4   Data           4  arm_task.o(.data)
    increment_can1_1                         0x200001c8   Data           4  arm_task.o(.data)
    angle1_can1_send                         0x200001d0   Data           4  arm_task.o(.data)
    angle1_can2_send                         0x200001d4   Data           4  arm_task.o(.data)
    angle2_can2_send                         0x200001d8   Data           4  arm_task.o(.data)
    angle3_can2_send                         0x200001dc   Data           4  arm_task.o(.data)
    target_speed_can_1                       0x200001e0   Data           8  arm_task.o(.data)
    target_speed_can_2                       0x200001e8   Data           8  arm_task.o(.data)
    angle1_can1                              0x200001f0   Data           4  as5600_task.o(.data)
    angle1_can2                              0x200001f4   Data           4  as5600_task.o(.data)
    angle2_can2                              0x200001f8   Data           4  as5600_task.o(.data)
    angle3_can2                              0x200001fc   Data           4  as5600_task.o(.data)
    as_flag                                  0x20000200   Data           4  as5600_task.o(.data)
    ac                                       0x20000204   Data           4  as5600_task.o(.data)
    flag_can                                 0x20000208   Data           2  drv_can.o(.data)
    initflag1_Can1                           0x2000020c   Data           4  drv_can.o(.data)
    initflag1_Can2                           0x20000210   Data           4  drv_can.o(.data)
    initflag2_Can2                           0x20000214   Data           4  drv_can.o(.data)
    initflag3_Can2                           0x20000218   Data           4  drv_can.o(.data)
    Target_pos1_Can1                         0x2000021c   Data           4  drv_can.o(.data)
    Target_pos1_Can2                         0x20000220   Data           4  drv_can.o(.data)
    Target_pos2_Can2                         0x20000224   Data           4  drv_can.o(.data)
    Target_pos3_Can2                         0x20000228   Data           4  drv_can.o(.data)
    Max_pos1_Can1                            0x2000022c   Data           4  drv_can.o(.data)
    Min_pos1_Can1                            0x20000230   Data           4  drv_can.o(.data)
    Max_pos1_Can2                            0x20000234   Data           4  drv_can.o(.data)
    Min_pos1_Can2                            0x20000238   Data           4  drv_can.o(.data)
    Max_pos2_Can2                            0x2000023c   Data           4  drv_can.o(.data)
    Min_pos2_Can2                            0x20000240   Data           4  drv_can.o(.data)
    Max_pos3_Can2                            0x20000244   Data           4  drv_can.o(.data)
    Min_pos3_Can2                            0x20000248   Data           4  drv_can.o(.data)
    judge_receive_length                     0x2000024c   Data           1  drv_usart.o(.data)
    CRC_INIT                                 0x2000024e   Data           2  crc.o(.data)
    flag_enable                              0x20000250   Data           2  pid.o(.data)
    Flag_judge                               0x20000254   Data           1  judge.o(.data)
    Flag_first                               0x20000255   Data           1  judge.o(.data)
    Hero_level                               0x20000256   Data           1  judge.o(.data)
    Hero_id                                  0x20000257   Data           1  judge.o(.data)
    Flag_progress                            0x20000258   Data           1  judge.o(.data)
    Hero_42mm_speed_limit                    0x2000025a   Data           2  judge.o(.data)
    Hero_chassis_power_limit                 0x2000025c   Data           2  judge.o(.data)
    Hero_chassis_power_buffer                0x2000025e   Data           2  judge.o(.data)
    Hero_chassis_power                       0x20000260   Data           4  judge.o(.data)
    Hero_42mm_speed                          0x20000264   Data           4  judge.o(.data)
    w_flag                                   0x20000268   Data           1  rc_potocal.o(.data)
    s_flag                                   0x20000269   Data           1  rc_potocal.o(.data)
    a_flag                                   0x2000026a   Data           1  rc_potocal.o(.data)
    d_flag                                   0x2000026b   Data           1  rc_potocal.o(.data)
    q_flag                                   0x2000026c   Data           1  rc_potocal.o(.data)
    e_flag                                   0x2000026d   Data           1  rc_potocal.o(.data)
    shift_flag                               0x2000026e   Data           1  rc_potocal.o(.data)
    ctrl_flag                                0x2000026f   Data           1  rc_potocal.o(.data)
    r_flag                                   0x20000270   Data           1  rc_potocal.o(.data)
    f_flag                                   0x20000271   Data           1  rc_potocal.o(.data)
    g_flag                                   0x20000272   Data           1  rc_potocal.o(.data)
    z_flag                                   0x20000273   Data           1  rc_potocal.o(.data)
    x_flag                                   0x20000274   Data           1  rc_potocal.o(.data)
    c_flag                                   0x20000275   Data           1  rc_potocal.o(.data)
    v_flag                                   0x20000276   Data           1  rc_potocal.o(.data)
    b_flag                                   0x20000277   Data           1  rc_potocal.o(.data)
    pxCurrentTCB                             0x20000278   Data           4  tasks.o(.data)
    rx_buffer                                0x200002d8   Data         100  main.o(.bss)
    motor_info                               0x2000033c   Data          84  main.o(.bss)
    motor_info_can_2                         0x20000390   Data          84  main.o(.bss)
    hadc1                                    0x20000638   Data          72  adc.o(.bss)
    hcan1                                    0x20000680   Data          40  can.o(.bss)
    hcan2                                    0x200006a8   Data          40  can.o(.bss)
    hi2c1                                    0x200006d0   Data          84  i2c.o(.bss)
    hi2c3                                    0x20000724   Data          84  i2c.o(.bss)
    hspi1                                    0x20000778   Data          88  spi.o(.bss)
    hspi2                                    0x200007d0   Data          88  spi.o(.bss)
    htim3                                    0x20000828   Data          64  tim.o(.bss)
    htim8                                    0x20000868   Data          64  tim.o(.bss)
    huart4                                   0x200008a8   Data          64  usart.o(.bss)
    huart5                                   0x200008e8   Data          64  usart.o(.bss)
    huart1                                   0x20000928   Data          64  usart.o(.bss)
    huart2                                   0x20000968   Data          64  usart.o(.bss)
    hdma_usart1_rx                           0x200009a8   Data          96  usart.o(.bss)
    hdma_usart1_tx                           0x20000a08   Data          96  usart.o(.bss)
    hdma_usart2_rx                           0x20000a68   Data          96  usart.o(.bss)
    hdma_usart2_tx                           0x20000ac8   Data          96  usart.o(.bss)
    recv                                     0x20000b28   Data          24  stm32f4xx_it.o(.bss)
    uart_rx_buffer                           0x20000b40   Data         100  stm32f4xx_it.o(.bss)
    htim2                                    0x20000ba4   Data          64  stm32f4xx_hal_timebase_tim.o(.bss)
    hUsbDeviceFS                             0x20000be4   Data         720  usb_device.o(.bss)
    USBD_StrDesc                             0x20000eb4   Data         512  usbd_desc.o(.bss)
    UserRxBufferFS                           0x200010b4   Data        2048  usbd_cdc_if.o(.bss)
    UserTxBufferFS                           0x200018b4   Data        2048  usbd_cdc_if.o(.bss)
    hpcd_USB_OTG_FS                          0x200022d4   Data        1032  usbd_conf.o(.bss)
    DM_pid_1                                 0x200026dc   Data          52  arm_task.o(.bss)
    DM_pid_2                                 0x20002710   Data          52  arm_task.o(.bss)
    DM_pid_3                                 0x20002744   Data          52  arm_task.o(.bss)
    DM_pid_4                                 0x20002778   Data          52  arm_task.o(.bss)
    up_down_pid                              0x200027ac   Data          52  arm_task.o(.bss)
    last_pid                                 0x200027e0   Data          52  arm_task.o(.bss)
    MOTOR1_can1                              0x20002838   Data          24  drv_can.o(.bss)
    MOTOR1_can2                              0x20002850   Data          24  drv_can.o(.bss)
    MOTOR2_can2                              0x20002868   Data          24  drv_can.o(.bss)
    MOTOR3_can2                              0x20002880   Data          24  drv_can.o(.bss)
    ss                                       0x20002898   Data          36  drv_can.o(.bss)
    judge_dma_buffer                         0x200028bc   Data         400  drv_usart.o(.bss)
    Judge_Hero                               0x20002b64   Data         158  judge.o(.bss)
    rc_ctrl                                  0x20002c02   Data          22  rc_potocal.o(.bss)
    __libspace_start                         0x20006908   Data          96  libspace.o(.bss)
    __temporary_stack_top$libspace           0x20006968   Data           0  libspace.o(.bss)



==============================================================================

Memory Map of the image

  Image Entry point : 0x080001c5

  Load Region LR_IROM1 (Base: 0x08000000, Size: 0x00009468, Max: 0x00040000, ABSOLUTE, COMPRESSED[0x000092a0])

    Execution Region ER_IROM1 (Exec base: 0x08000000, Load base: 0x08000000, Size: 0x00009190, Max: 0x00040000, ABSOLUTE)

    Exec Addr    Load Addr    Size         Type   Attr      Idx    E Section Name        Object

    0x08000000   0x08000000   0x000001c4   Data   RO            3    RESET               startup_stm32f446xx.o
    0x080001c4   0x080001c4   0x00000008   Code   RO         8120  * !!!main             c_w.l(__main.o)
    0x080001cc   0x080001cc   0x00000034   Code   RO         8312    !!!scatter          c_w.l(__scatter.o)
    0x08000200   0x08000200   0x0000005a   Code   RO         8310    !!dczerorl2         c_w.l(__dczerorl2.o)
    0x0800025a   0x0800025a   0x00000002   PAD
    0x0800025c   0x0800025c   0x0000001c   Code   RO         8314    !!handler_zi        c_w.l(__scatter_zi.o)
    0x08000278   0x08000278   0x00000002   Code   RO         8178    .ARM.Collect$$libinit$$00000000  c_w.l(libinit.o)
    0x0800027a   0x0800027a   0x00000004   Code   RO         8190    .ARM.Collect$$libinit$$00000001  c_w.l(libinit2.o)
    0x0800027e   0x0800027e   0x00000000   Code   RO         8193    .ARM.Collect$$libinit$$00000004  c_w.l(libinit2.o)
    0x0800027e   0x0800027e   0x00000000   Code   RO         8196    .ARM.Collect$$libinit$$0000000A  c_w.l(libinit2.o)
    0x0800027e   0x0800027e   0x00000000   Code   RO         8198    .ARM.Collect$$libinit$$0000000C  c_w.l(libinit2.o)
    0x0800027e   0x0800027e   0x00000000   Code   RO         8200    .ARM.Collect$$libinit$$0000000E  c_w.l(libinit2.o)
    0x0800027e   0x0800027e   0x00000000   Code   RO         8203    .ARM.Collect$$libinit$$00000011  c_w.l(libinit2.o)
    0x0800027e   0x0800027e   0x00000000   Code   RO         8205    .ARM.Collect$$libinit$$00000013  c_w.l(libinit2.o)
    0x0800027e   0x0800027e   0x00000000   Code   RO         8207    .ARM.Collect$$libinit$$00000015  c_w.l(libinit2.o)
    0x0800027e   0x0800027e   0x00000000   Code   RO         8209    .ARM.Collect$$libinit$$00000017  c_w.l(libinit2.o)
    0x0800027e   0x0800027e   0x00000000   Code   RO         8211    .ARM.Collect$$libinit$$00000019  c_w.l(libinit2.o)
    0x0800027e   0x0800027e   0x00000000   Code   RO         8213    .ARM.Collect$$libinit$$0000001B  c_w.l(libinit2.o)
    0x0800027e   0x0800027e   0x00000000   Code   RO         8215    .ARM.Collect$$libinit$$0000001D  c_w.l(libinit2.o)
    0x0800027e   0x0800027e   0x00000000   Code   RO         8217    .ARM.Collect$$libinit$$0000001F  c_w.l(libinit2.o)
    0x0800027e   0x0800027e   0x00000000   Code   RO         8219    .ARM.Collect$$libinit$$00000021  c_w.l(libinit2.o)
    0x0800027e   0x0800027e   0x00000000   Code   RO         8221    .ARM.Collect$$libinit$$00000023  c_w.l(libinit2.o)
    0x0800027e   0x0800027e   0x00000000   Code   RO         8223    .ARM.Collect$$libinit$$00000025  c_w.l(libinit2.o)
    0x0800027e   0x0800027e   0x00000000   Code   RO         8227    .ARM.Collect$$libinit$$0000002C  c_w.l(libinit2.o)
    0x0800027e   0x0800027e   0x00000000   Code   RO         8229    .ARM.Collect$$libinit$$0000002E  c_w.l(libinit2.o)
    0x0800027e   0x0800027e   0x00000000   Code   RO         8231    .ARM.Collect$$libinit$$00000030  c_w.l(libinit2.o)
    0x0800027e   0x0800027e   0x00000000   Code   RO         8233    .ARM.Collect$$libinit$$00000032  c_w.l(libinit2.o)
    0x0800027e   0x0800027e   0x00000002   Code   RO         8234    .ARM.Collect$$libinit$$00000033  c_w.l(libinit2.o)
    0x08000280   0x08000280   0x00000002   Code   RO         8265    .ARM.Collect$$libshutdown$$00000000  c_w.l(libshutdown.o)
    0x08000282   0x08000282   0x00000000   Code   RO         8291    .ARM.Collect$$libshutdown$$00000002  c_w.l(libshutdown2.o)
    0x08000282   0x08000282   0x00000000   Code   RO         8293    .ARM.Collect$$libshutdown$$00000004  c_w.l(libshutdown2.o)
    0x08000282   0x08000282   0x00000000   Code   RO         8295    .ARM.Collect$$libshutdown$$00000006  c_w.l(libshutdown2.o)
    0x08000282   0x08000282   0x00000000   Code   RO         8298    .ARM.Collect$$libshutdown$$00000009  c_w.l(libshutdown2.o)
    0x08000282   0x08000282   0x00000000   Code   RO         8301    .ARM.Collect$$libshutdown$$0000000C  c_w.l(libshutdown2.o)
    0x08000282   0x08000282   0x00000000   Code   RO         8303    .ARM.Collect$$libshutdown$$0000000E  c_w.l(libshutdown2.o)
    0x08000282   0x08000282   0x00000000   Code   RO         8306    .ARM.Collect$$libshutdown$$00000011  c_w.l(libshutdown2.o)
    0x08000282   0x08000282   0x00000002   Code   RO         8307    .ARM.Collect$$libshutdown$$00000012  c_w.l(libshutdown2.o)
    0x08000284   0x08000284   0x00000000   Code   RO         8132    .ARM.Collect$$rtentry$$00000000  c_w.l(__rtentry.o)
    0x08000284   0x08000284   0x00000000   Code   RO         8149    .ARM.Collect$$rtentry$$00000002  c_w.l(__rtentry2.o)
    0x08000284   0x08000284   0x00000006   Code   RO         8161    .ARM.Collect$$rtentry$$00000004  c_w.l(__rtentry4.o)
    0x0800028a   0x0800028a   0x00000000   Code   RO         8151    .ARM.Collect$$rtentry$$00000009  c_w.l(__rtentry2.o)
    0x0800028a   0x0800028a   0x00000004   Code   RO         8152    .ARM.Collect$$rtentry$$0000000A  c_w.l(__rtentry2.o)
    0x0800028e   0x0800028e   0x00000000   Code   RO         8154    .ARM.Collect$$rtentry$$0000000C  c_w.l(__rtentry2.o)
    0x0800028e   0x0800028e   0x00000008   Code   RO         8155    .ARM.Collect$$rtentry$$0000000D  c_w.l(__rtentry2.o)
    0x08000296   0x08000296   0x00000002   Code   RO         8182    .ARM.Collect$$rtexit$$00000000  c_w.l(rtexit.o)
    0x08000298   0x08000298   0x00000000   Code   RO         8238    .ARM.Collect$$rtexit$$00000002  c_w.l(rtexit2.o)
    0x08000298   0x08000298   0x00000004   Code   RO         8239    .ARM.Collect$$rtexit$$00000003  c_w.l(rtexit2.o)
    0x0800029c   0x0800029c   0x00000006   Code   RO         8240    .ARM.Collect$$rtexit$$00000004  c_w.l(rtexit2.o)
    0x080002a2   0x080002a2   0x00000002   PAD
    0x080002a4   0x080002a4   0x000000be   Code   RO         8029    .emb_text           port.o
    0x08000362   0x08000362   0x00000002   PAD
    0x08000364   0x08000364   0x00000040   Code   RO            4    .text               startup_stm32f446xx.o
    0x080003a4   0x080003a4   0x000000ee   Code   RO         8108    .text               c_w.l(lludivv7m.o)
    0x08000492   0x08000492   0x0000008a   Code   RO         8110    .text               c_w.l(rt_memcpy_v6.o)
    0x0800051c   0x0800051c   0x00000064   Code   RO         8112    .text               c_w.l(rt_memcpy_w.o)
    0x08000580   0x08000580   0x0000004e   Code   RO         8116    .text               c_w.l(rt_memclr_w.o)
    0x080005ce   0x080005ce   0x00000006   Code   RO         8118    .text               c_w.l(heapauxi.o)
    0x080005d4   0x080005d4   0x0000004a   Code   RO         8165    .text               c_w.l(sys_stackheap_outer.o)
    0x0800061e   0x0800061e   0x00000012   Code   RO         8167    .text               c_w.l(exit.o)
    0x08000630   0x08000630   0x00000008   Code   RO         8179    .text               c_w.l(libspace.o)
    0x08000638   0x08000638   0x0000000c   Code   RO         8235    .text               c_w.l(sys_exit.o)
    0x08000644   0x08000644   0x00000002   Code   RO         8254    .text               c_w.l(use_no_semi.o)
    0x08000646   0x08000646   0x00000000   Code   RO         8256    .text               c_w.l(indicate_semi.o)
    0x08000646   0x08000646   0x00000002   PAD
    0x08000648   0x08000648   0x00000128   Code   RO         3138    i.ADC_Init          stm32f4xx_hal_adc.o
    0x08000770   0x08000770   0x00000218   Code   RO         6095    i.Arm_control       arm_task.o
    0x08000988   0x08000988   0x000001a0   Code   RO         6096    i.As5600_control    arm_task.o
    0x08000b28   0x08000b28   0x00000002   Code   RO          709    i.BusFault_Handler  stm32f4xx_it.o
    0x08000b2a   0x08000b2a   0x00000002   PAD
    0x08000b2c   0x08000b2c   0x0000003c   Code   RO         6357    i.CAN1_Init         drv_can.o
    0x08000b68   0x08000b68   0x0000000c   Code   RO          710    i.CAN1_RX0_IRQHandler  stm32f4xx_it.o
    0x08000b74   0x08000b74   0x0000000c   Code   RO          711    i.CAN1_TX_IRQHandler  stm32f4xx_it.o
    0x08000b80   0x08000b80   0x0000003c   Code   RO         6358    i.CAN2_Init         drv_can.o
    0x08000bbc   0x08000bbc   0x0000000c   Code   RO          712    i.CAN2_RX0_IRQHandler  stm32f4xx_it.o
    0x08000bc8   0x08000bc8   0x0000000c   Code   RO          713    i.CAN2_TX_IRQHandler  stm32f4xx_it.o
    0x08000bd4   0x08000bd4   0x00000004   Code   RO         1051    i.CDC_Control_FS    usbd_cdc_if.o
    0x08000bd8   0x08000bd8   0x00000004   Code   RO         1052    i.CDC_DeInit_FS     usbd_cdc_if.o
    0x08000bdc   0x08000bdc   0x00000024   Code   RO         1053    i.CDC_Init_FS       usbd_cdc_if.o
    0x08000c00   0x08000c00   0x00000018   Code   RO         1054    i.CDC_Receive_FS    usbd_cdc_if.o
    0x08000c18   0x08000c18   0x00000004   Code   RO         1055    i.CDC_TransmitCplt_FS  usbd_cdc_if.o
    0x08000c1c   0x08000c1c   0x0000000c   Code   RO          714    i.DMA1_Stream5_IRQHandler  stm32f4xx_it.o
    0x08000c28   0x08000c28   0x0000000c   Code   RO          715    i.DMA1_Stream6_IRQHandler  stm32f4xx_it.o
    0x08000c34   0x08000c34   0x0000000c   Code   RO          716    i.DMA2_Stream2_IRQHandler  stm32f4xx_it.o
    0x08000c40   0x08000c40   0x0000000c   Code   RO          717    i.DMA2_Stream7_IRQHandler  stm32f4xx_it.o
    0x08000c4c   0x08000c4c   0x00000244   Code   RO         6513    i.DMAEx_MultiBufferStart_NoIT  drv_usart.o
    0x08000e90   0x08000e90   0x00000028   Code   RO         2444    i.DMA_CalcBaseAndBitshift  stm32f4xx_hal_dma.o
    0x08000eb8   0x08000eb8   0x00000054   Code   RO         2445    i.DMA_CheckFifoParam  stm32f4xx_hal_dma.o
    0x08000f0c   0x08000f0c   0x00000028   Code   RO         2446    i.DMA_SetConfig     stm32f4xx_hal_dma.o
    0x08000f34   0x08000f34   0x0000007e   Code   RO         6097    i.DM_Enable         arm_task.o
    0x08000fb2   0x08000fb2   0x00000002   Code   RO          718    i.DebugMon_Handler  stm32f4xx_it.o
    0x08000fb4   0x08000fb4   0x00000010   Code   RO         6184    i.Delay             as5600_task.o
    0x08000fc4   0x08000fc4   0x00000070   Code   RO         6635    i.Enable_Ctrl       pid.o
    0x08001034   0x08001034   0x0000007c   Code   RO         6636    i.Enable_Ctrl2      pid.o
    0x080010b0   0x080010b0   0x00000004   Code   RO           13    i.Error_Handler     main.o
    0x080010b4   0x080010b4   0x0000002c   Code   RO         6577    i.Get_CRC16_Check_Sum  crc.o
    0x080010e0   0x080010e0   0x0000001c   Code   RO         6578    i.Get_CRC8_Check_Sum  crc.o
    0x080010fc   0x080010fc   0x00000164   Code   RO         3140    i.HAL_ADC_ConfigChannel  stm32f4xx_hal_adc.o
    0x08001260   0x08001260   0x00000054   Code   RO         3149    i.HAL_ADC_Init      stm32f4xx_hal_adc.o
    0x080012b4   0x080012b4   0x00000060   Code   RO          373    i.HAL_ADC_MspInit   adc.o
    0x08001314   0x08001314   0x00000024   Code   RO         3414    i.HAL_CAN_ActivateNotification  stm32f4xx_hal_can.o
    0x08001338   0x08001338   0x000000dc   Code   RO         3415    i.HAL_CAN_AddTxMessage  stm32f4xx_hal_can.o
    0x08001414   0x08001414   0x0000010c   Code   RO         3416    i.HAL_CAN_ConfigFilter  stm32f4xx_hal_can.o
    0x08001520   0x08001520   0x00000002   Code   RO         3419    i.HAL_CAN_ErrorCallback  stm32f4xx_hal_can.o
    0x08001522   0x08001522   0x000000e8   Code   RO         3422    i.HAL_CAN_GetRxMessage  stm32f4xx_hal_can.o
    0x0800160a   0x0800160a   0x000001fc   Code   RO         3426    i.HAL_CAN_IRQHandler  stm32f4xx_hal_can.o
    0x08001806   0x08001806   0x0000011a   Code   RO         3427    i.HAL_CAN_Init      stm32f4xx_hal_can.o
    0x08001920   0x08001920   0x00000124   Code   RO          415    i.HAL_CAN_MspInit   can.o
    0x08001a44   0x08001a44   0x00000002   Code   RO         3434    i.HAL_CAN_RxFifo0FullCallback  stm32f4xx_hal_can.o
    0x08001a46   0x08001a46   0x00000002   PAD
    0x08001a48   0x08001a48   0x00000208   Code   RO         6359    i.HAL_CAN_RxFifo0MsgPendingCallback  drv_can.o
    0x08001c50   0x08001c50   0x00000002   Code   RO         3436    i.HAL_CAN_RxFifo1FullCallback  stm32f4xx_hal_can.o
    0x08001c52   0x08001c52   0x00000002   Code   RO         3437    i.HAL_CAN_RxFifo1MsgPendingCallback  stm32f4xx_hal_can.o
    0x08001c54   0x08001c54   0x00000002   Code   RO         3438    i.HAL_CAN_SleepCallback  stm32f4xx_hal_can.o
    0x08001c56   0x08001c56   0x00000002   PAD
    0x08001c58   0x08001c58   0x00000058   Code   RO         3439    i.HAL_CAN_Start     stm32f4xx_hal_can.o
    0x08001cb0   0x08001cb0   0x00000002   Code   RO         3441    i.HAL_CAN_TxMailbox0AbortCallback  stm32f4xx_hal_can.o
    0x08001cb2   0x08001cb2   0x00000002   Code   RO         3442    i.HAL_CAN_TxMailbox0CompleteCallback  stm32f4xx_hal_can.o
    0x08001cb4   0x08001cb4   0x00000002   Code   RO         3443    i.HAL_CAN_TxMailbox1AbortCallback  stm32f4xx_hal_can.o
    0x08001cb6   0x08001cb6   0x00000002   Code   RO         3444    i.HAL_CAN_TxMailbox1CompleteCallback  stm32f4xx_hal_can.o
    0x08001cb8   0x08001cb8   0x00000002   Code   RO         3445    i.HAL_CAN_TxMailbox2AbortCallback  stm32f4xx_hal_can.o
    0x08001cba   0x08001cba   0x00000002   Code   RO         3446    i.HAL_CAN_TxMailbox2CompleteCallback  stm32f4xx_hal_can.o
    0x08001cbc   0x08001cbc   0x00000002   Code   RO         3448    i.HAL_CAN_WakeUpFromRxMsgCallback  stm32f4xx_hal_can.o
    0x08001cbe   0x08001cbe   0x0000008e   Code   RO         2447    i.HAL_DMA_Abort     stm32f4xx_hal_dma.o
    0x08001d4c   0x08001d4c   0x00000024   Code   RO         2448    i.HAL_DMA_Abort_IT  stm32f4xx_hal_dma.o
    0x08001d70   0x08001d70   0x000001a0   Code   RO         2452    i.HAL_DMA_IRQHandler  stm32f4xx_hal_dma.o
    0x08001f10   0x08001f10   0x000000d4   Code   RO         2453    i.HAL_DMA_Init      stm32f4xx_hal_dma.o
    0x08001fe4   0x08001fe4   0x0000006e   Code   RO         2457    i.HAL_DMA_Start_IT  stm32f4xx_hal_dma.o
    0x08002052   0x08002052   0x00000002   PAD
    0x08002054   0x08002054   0x00000024   Code   RO         2884    i.HAL_Delay         stm32f4xx_hal.o
    0x08002078   0x08002078   0x000001a8   Code   RO         2340    i.HAL_GPIO_Init     stm32f4xx_hal_gpio.o
    0x08002220   0x08002220   0x0000000a   Code   RO         2342    i.HAL_GPIO_ReadPin  stm32f4xx_hal_gpio.o
    0x0800222a   0x0800222a   0x0000000e   Code   RO         2343    i.HAL_GPIO_TogglePin  stm32f4xx_hal_gpio.o
    0x08002238   0x08002238   0x0000000a   Code   RO         2344    i.HAL_GPIO_WritePin  stm32f4xx_hal_gpio.o
    0x08002242   0x08002242   0x00000002   PAD
    0x08002244   0x08002244   0x0000000c   Code   RO         2890    i.HAL_GetTick       stm32f4xx_hal.o
    0x08002250   0x08002250   0x00000188   Code   RO         3658    i.HAL_I2C_Init      stm32f4xx_hal_i2c.o
    0x080023d8   0x080023d8   0x000000d4   Code   RO          488    i.HAL_I2C_MspInit   i2c.o
    0x080024ac   0x080024ac   0x00000010   Code   RO         2896    i.HAL_IncTick       stm32f4xx_hal.o
    0x080024bc   0x080024bc   0x00000034   Code   RO         2897    i.HAL_Init          stm32f4xx_hal.o
    0x080024f0   0x080024f0   0x00000098   Code   RO          872    i.HAL_InitTick      stm32f4xx_hal_timebase_tim.o
    0x08002588   0x08002588   0x00000038   Code   RO          848    i.HAL_MspInit       stm32f4xx_hal_msp.o
    0x080025c0   0x080025c0   0x0000001a   Code   RO         2747    i.HAL_NVIC_EnableIRQ  stm32f4xx_hal_cortex.o
    0x080025da   0x080025da   0x00000002   PAD
    0x080025dc   0x080025dc   0x00000040   Code   RO         2753    i.HAL_NVIC_SetPriority  stm32f4xx_hal_cortex.o
    0x0800261c   0x0800261c   0x00000024   Code   RO         2754    i.HAL_NVIC_SetPriorityGrouping  stm32f4xx_hal_cortex.o
    0x08002640   0x08002640   0x00000028   Code   RO         1547    i.HAL_PCDEx_ActivateLPM  stm32f4xx_hal_pcd_ex.o
    0x08002668   0x08002668   0x00000060   Code   RO         1108    i.HAL_PCDEx_LPM_Callback  usbd_conf.o
    0x080026c8   0x080026c8   0x00000008   Code   RO         1551    i.HAL_PCDEx_SetRxFiFo  stm32f4xx_hal_pcd_ex.o
    0x080026d0   0x080026d0   0x00000044   Code   RO         1552    i.HAL_PCDEx_SetTxFiFo  stm32f4xx_hal_pcd_ex.o
    0x08002714   0x08002714   0x00000008   Code   RO         1109    i.HAL_PCD_ConnectCallback  usbd_conf.o
    0x0800271c   0x0800271c   0x00000012   Code   RO         1110    i.HAL_PCD_DataInStageCallback  usbd_conf.o
    0x0800272e   0x0800272e   0x00000014   Code   RO         1111    i.HAL_PCD_DataOutStageCallback  usbd_conf.o
    0x08002742   0x08002742   0x00000008   Code   RO         1112    i.HAL_PCD_DisconnectCallback  usbd_conf.o
    0x0800274a   0x0800274a   0x0000004c   Code   RO         1330    i.HAL_PCD_EP_Close  stm32f4xx_hal_pcd.o
    0x08002796   0x08002796   0x0000005c   Code   RO         1331    i.HAL_PCD_EP_ClrStall  stm32f4xx_hal_pcd.o
    0x080027f2   0x080027f2   0x00000012   Code   RO         1333    i.HAL_PCD_EP_GetRxCount  stm32f4xx_hal_pcd.o
    0x08002804   0x08002804   0x00000060   Code   RO         1334    i.HAL_PCD_EP_Open   stm32f4xx_hal_pcd.o
    0x08002864   0x08002864   0x00000048   Code   RO         1335    i.HAL_PCD_EP_Receive  stm32f4xx_hal_pcd.o
    0x080028ac   0x080028ac   0x00000074   Code   RO         1336    i.HAL_PCD_EP_SetStall  stm32f4xx_hal_pcd.o
    0x08002920   0x08002920   0x00000040   Code   RO         1337    i.HAL_PCD_EP_Transmit  stm32f4xx_hal_pcd.o
    0x08002960   0x08002960   0x00000470   Code   RO         1339    i.HAL_PCD_IRQHandler  stm32f4xx_hal_pcd.o
    0x08002dd0   0x08002dd0   0x00000008   Code   RO         1113    i.HAL_PCD_ISOINIncompleteCallback  usbd_conf.o
    0x08002dd8   0x08002dd8   0x00000008   Code   RO         1114    i.HAL_PCD_ISOOUTIncompleteCallback  usbd_conf.o
    0x08002de0   0x08002de0   0x000000ee   Code   RO         1342    i.HAL_PCD_Init      stm32f4xx_hal_pcd.o
    0x08002ece   0x08002ece   0x00000002   PAD
    0x08002ed0   0x08002ed0   0x000000a0   Code   RO         1116    i.HAL_PCD_MspInit   usbd_conf.o
    0x08002f70   0x08002f70   0x0000002c   Code   RO         1117    i.HAL_PCD_ResetCallback  usbd_conf.o
    0x08002f9c   0x08002f9c   0x00000008   Code   RO         1118    i.HAL_PCD_ResumeCallback  usbd_conf.o
    0x08002fa4   0x08002fa4   0x00000008   Code   RO         1119    i.HAL_PCD_SOFCallback  usbd_conf.o
    0x08002fac   0x08002fac   0x00000028   Code   RO         1348    i.HAL_PCD_SetAddress  stm32f4xx_hal_pcd.o
    0x08002fd4   0x08002fd4   0x0000000e   Code   RO         1120    i.HAL_PCD_SetupStageCallback  usbd_conf.o
    0x08002fe2   0x08002fe2   0x00000042   Code   RO         1350    i.HAL_PCD_Start     stm32f4xx_hal_pcd.o
    0x08003024   0x08003024   0x00000030   Code   RO         1121    i.HAL_PCD_SuspendCallback  usbd_conf.o
    0x08003054   0x08003054   0x00000430   Code   RO         2009    i.HAL_RCCEx_PeriphCLKConfig  stm32f4xx_hal_rcc_ex.o
    0x08003484   0x08003484   0x00000134   Code   RO         1902    i.HAL_RCC_ClockConfig  stm32f4xx_hal_rcc.o
    0x080035b8   0x080035b8   0x00000040   Code   RO         1906    i.HAL_RCC_GetClockConfig  stm32f4xx_hal_rcc.o
    0x080035f8   0x080035f8   0x0000000c   Code   RO         1907    i.HAL_RCC_GetHCLKFreq  stm32f4xx_hal_rcc.o
    0x08003604   0x08003604   0x00000020   Code   RO         1909    i.HAL_RCC_GetPCLK1Freq  stm32f4xx_hal_rcc.o
    0x08003624   0x08003624   0x00000020   Code   RO         1910    i.HAL_RCC_GetPCLK2Freq  stm32f4xx_hal_rcc.o
    0x08003644   0x08003644   0x00000098   Code   RO         2013    i.HAL_RCC_GetSysClockFreq  stm32f4xx_hal_rcc_ex.o
    0x080036dc   0x080036dc   0x00000344   Code   RO         2014    i.HAL_RCC_OscConfig  stm32f4xx_hal_rcc_ex.o
    0x08003a20   0x08003a20   0x00000080   Code   RO         4115    i.HAL_SPI_Init      stm32f4xx_hal_spi.o
    0x08003aa0   0x08003aa0   0x000000b0   Code   RO          536    i.HAL_SPI_MspInit   spi.o
    0x08003b50   0x08003b50   0x00000002   Code   RO         5103    i.HAL_TIMEx_BreakCallback  stm32f4xx_hal_tim_ex.o
    0x08003b52   0x08003b52   0x00000002   Code   RO         5104    i.HAL_TIMEx_CommutCallback  stm32f4xx_hal_tim_ex.o
    0x08003b54   0x08003b54   0x00000054   Code   RO         5106    i.HAL_TIMEx_ConfigBreakDeadTime  stm32f4xx_hal_tim_ex.o
    0x08003ba8   0x08003ba8   0x00000090   Code   RO         5121    i.HAL_TIMEx_MasterConfigSynchronization  stm32f4xx_hal_tim_ex.o
    0x08003c38   0x08003c38   0x00000036   Code   RO         4428    i.HAL_TIM_Base_Init  stm32f4xx_hal_tim.o
    0x08003c6e   0x08003c6e   0x00000002   PAD
    0x08003c70   0x08003c70   0x00000028   Code   RO          584    i.HAL_TIM_Base_MspInit  tim.o
    0x08003c98   0x08003c98   0x00000022   Code   RO         4433    i.HAL_TIM_Base_Start_IT  stm32f4xx_hal_tim.o
    0x08003cba   0x08003cba   0x000000d6   Code   RO         4437    i.HAL_TIM_ConfigClockSource  stm32f4xx_hal_tim.o
    0x08003d90   0x08003d90   0x00000002   Code   RO         4457    i.HAL_TIM_IC_CaptureCallback  stm32f4xx_hal_tim.o
    0x08003d92   0x08003d92   0x00000166   Code   RO         4471    i.HAL_TIM_IRQHandler  stm32f4xx_hal_tim.o
    0x08003ef8   0x08003ef8   0x00000084   Code   RO          585    i.HAL_TIM_MspPostInit  tim.o
    0x08003f7c   0x08003f7c   0x00000002   Code   RO         4474    i.HAL_TIM_OC_DelayElapsedCallback  stm32f4xx_hal_tim.o
    0x08003f7e   0x08003f7e   0x000000d0   Code   RO         4495    i.HAL_TIM_PWM_ConfigChannel  stm32f4xx_hal_tim.o
    0x0800404e   0x0800404e   0x00000036   Code   RO         4498    i.HAL_TIM_PWM_Init  stm32f4xx_hal_tim.o
    0x08004084   0x08004084   0x00000028   Code   RO          587    i.HAL_TIM_PWM_MspInit  tim.o
    0x080040ac   0x080040ac   0x00000002   Code   RO         4501    i.HAL_TIM_PWM_PulseFinishedCallback  stm32f4xx_hal_tim.o
    0x080040ae   0x080040ae   0x00000002   PAD
    0x080040b0   0x080040b0   0x00000044   Code   RO         4503    i.HAL_TIM_PWM_Start  stm32f4xx_hal_tim.o
    0x080040f4   0x080040f4   0x0000005c   Code   RO         4506    i.HAL_TIM_PWM_Stop  stm32f4xx_hal_tim.o
    0x08004150   0x08004150   0x0000000e   Code   RO           14    i.HAL_TIM_PeriodElapsedCallback  main.o
    0x0800415e   0x0800415e   0x00000002   Code   RO         4514    i.HAL_TIM_TriggerCallback  stm32f4xx_hal_tim.o
    0x08004160   0x08004160   0x00000058   Code   RO         5373    i.HAL_UART_DMAStop  stm32f4xx_hal_uart.o
    0x080041b8   0x080041b8   0x00000002   Code   RO         5375    i.HAL_UART_ErrorCallback  stm32f4xx_hal_uart.o
    0x080041ba   0x080041ba   0x00000002   PAD
    0x080041bc   0x080041bc   0x00000114   Code   RO         5378    i.HAL_UART_IRQHandler  stm32f4xx_hal_uart.o
    0x080042d0   0x080042d0   0x00000062   Code   RO         5379    i.HAL_UART_Init     stm32f4xx_hal_uart.o
    0x08004332   0x08004332   0x00000002   PAD
    0x08004334   0x08004334   0x00000250   Code   RO          650    i.HAL_UART_MspInit  usart.o
    0x08004584   0x08004584   0x00000098   Code   RO         5383    i.HAL_UART_Receive_DMA  stm32f4xx_hal_uart.o
    0x0800461c   0x0800461c   0x00000002   Code   RO         5385    i.HAL_UART_RxCpltCallback  stm32f4xx_hal_uart.o
    0x0800461e   0x0800461e   0x00000002   Code   RO         5386    i.HAL_UART_RxHalfCpltCallback  stm32f4xx_hal_uart.o
    0x08004620   0x08004620   0x0000003e   Code   RO         5389    i.HAL_UART_Transmit_IT  stm32f4xx_hal_uart.o
    0x0800465e   0x0800465e   0x00000002   Code   RO         5390    i.HAL_UART_TxCpltCallback  stm32f4xx_hal_uart.o
    0x08004660   0x08004660   0x00000002   Code   RO          719    i.HardFault_Handler  stm32f4xx_it.o
    0x08004662   0x08004662   0x00000002   PAD
    0x08004664   0x08004664   0x000000a4   Code   RO         6185    i.Init_NRF24L01     as5600_task.o
    0x08004708   0x08004708   0x00000038   Code   RO          959    i.IntToUnicode      usbd_desc.o
    0x08004740   0x08004740   0x000001a4   Code   RO         6757    i.JUDGE_Receive     judge.o
    0x080048e4   0x080048e4   0x00000064   Code   RO          374    i.MX_ADC1_Init      adc.o
    0x08004948   0x08004948   0x00000044   Code   RO          416    i.MX_CAN1_Init      can.o
    0x0800498c   0x0800498c   0x00000048   Code   RO          417    i.MX_CAN2_Init      can.o
    0x080049d4   0x080049d4   0x0000006c   Code   RO          463    i.MX_DMA_Init       dma.o
    0x08004a40   0x08004a40   0x00000068   Code   RO          322    i.MX_FREERTOS_Init  freertos.o
    0x08004aa8   0x08004aa8   0x00000118   Code   RO          294    i.MX_GPIO_Init      gpio.o
    0x08004bc0   0x08004bc0   0x00000040   Code   RO          489    i.MX_I2C1_Init      i2c.o
    0x08004c00   0x08004c00   0x00000040   Code   RO          490    i.MX_I2C3_Init      i2c.o
    0x08004c40   0x08004c40   0x00000044   Code   RO          537    i.MX_SPI1_Init      spi.o
    0x08004c84   0x08004c84   0x00000044   Code   RO          538    i.MX_SPI2_Init      spi.o
    0x08004cc8   0x08004cc8   0x00000098   Code   RO          588    i.MX_TIM3_Init      tim.o
    0x08004d60   0x08004d60   0x000000d0   Code   RO          589    i.MX_TIM8_Init      tim.o
    0x08004e30   0x08004e30   0x00000038   Code   RO          651    i.MX_UART4_Init     usart.o
    0x08004e68   0x08004e68   0x00000038   Code   RO          652    i.MX_UART5_Init     usart.o
    0x08004ea0   0x08004ea0   0x00000038   Code   RO          653    i.MX_USART1_UART_Init  usart.o
    0x08004ed8   0x08004ed8   0x00000038   Code   RO          654    i.MX_USART2_UART_Init  usart.o
    0x08004f10   0x08004f10   0x00000054   Code   RO          911    i.MX_USB_DEVICE_Init  usb_device.o
    0x08004f64   0x08004f64   0x00000002   Code   RO          720    i.MemManage_Handler  stm32f4xx_it.o
    0x08004f66   0x08004f66   0x00000002   Code   RO          721    i.NMI_Handler       stm32f4xx_it.o
    0x08004f68   0x08004f68   0x00000048   Code   RO         6186    i.NRF24L01_Check    as5600_task.o
    0x08004fb0   0x08004fb0   0x0000004c   Code   RO         6187    i.NRF24L01_Read_Buf  as5600_task.o
    0x08004ffc   0x08004ffc   0x00000034   Code   RO         6188    i.NRF24L01_Read_Reg  as5600_task.o
    0x08005030   0x08005030   0x00000032   Code   RO         6189    i.NRF24L01_RxPacket  as5600_task.o
    0x08005062   0x08005062   0x00000002   PAD
    0x08005064   0x08005064   0x0000004c   Code   RO         6191    i.NRF24L01_Write_Buf  as5600_task.o
    0x080050b0   0x080050b0   0x0000003c   Code   RO         6192    i.NRF24L01_Write_Reg  as5600_task.o
    0x080050ec   0x080050ec   0x0000000c   Code   RO          722    i.OTG_FS_IRQHandler  stm32f4xx_it.o
    0x080050f8   0x080050f8   0x000000cc   Code   RO         1354    i.PCD_EP_OutXfrComplete_int  stm32f4xx_hal_pcd.o
    0x080051c4   0x080051c4   0x000000a2   Code   RO         1355    i.PCD_WriteEmptyTxFifo  stm32f4xx_hal_pcd.o
    0x08005266   0x08005266   0x00000002   PAD
    0x08005268   0x08005268   0x00000070   Code   RO         6641    i.PosSpeed_CtrlMotor  pid.o
    0x080052d8   0x080052d8   0x00000070   Code   RO         6642    i.PosSpeed_CtrlMotor2  pid.o
    0x08005348   0x08005348   0x00000064   Code   RO         6193    i.RX_Mode           as5600_task.o
    0x080053ac   0x080053ac   0x0000006c   Code   RO         6194    i.SPI_ReadWriteByte  as5600_task.o
    0x08005418   0x08005418   0x0000000a   Code   RO         5856    i.SWAPBYTE          usbd_ctlreq.o
    0x08005422   0x08005422   0x0000000c   Code   RO          323    i.StartDefaultTask  freertos.o
    0x0800542e   0x0800542e   0x00000002   PAD
    0x08005430   0x08005430   0x000001dc   Code   RO         6098    i.StartTask02       arm_task.o
    0x0800560c   0x0800560c   0x00000094   Code   RO         6282    i.StartTask03       potocal_task.o
    0x080056a0   0x080056a0   0x00000060   Code   RO         6195    i.StartTask04       as5600_task.o
    0x08005700   0x08005700   0x0000002c   Code   RO         8030    i.SysTick_Handler   port.o
    0x0800572c   0x0800572c   0x00000098   Code   RO           15    i.SystemClock_Config  main.o
    0x080057c4   0x080057c4   0x0000001c   Code   RO         5681    i.SystemInit        system_stm32f4xx.o
    0x080057e0   0x080057e0   0x0000000c   Code   RO          723    i.TIM2_IRQHandler   stm32f4xx_it.o
    0x080057ec   0x080057ec   0x000000c8   Code   RO         4516    i.TIM_Base_SetConfig  stm32f4xx_hal_tim.o
    0x080058b4   0x080058b4   0x0000001a   Code   RO         4517    i.TIM_CCxChannelCmd  stm32f4xx_hal_tim.o
    0x080058ce   0x080058ce   0x00000014   Code   RO         4527    i.TIM_ETR_SetConfig  stm32f4xx_hal_tim.o
    0x080058e2   0x080058e2   0x00000010   Code   RO         4528    i.TIM_ITRx_SetConfig  stm32f4xx_hal_tim.o
    0x080058f2   0x080058f2   0x00000002   PAD
    0x080058f4   0x080058f4   0x00000060   Code   RO         4529    i.TIM_OC1_SetConfig  stm32f4xx_hal_tim.o
    0x08005954   0x08005954   0x0000006c   Code   RO         4530    i.TIM_OC2_SetConfig  stm32f4xx_hal_tim.o
    0x080059c0   0x080059c0   0x00000068   Code   RO         4531    i.TIM_OC3_SetConfig  stm32f4xx_hal_tim.o
    0x08005a28   0x08005a28   0x00000050   Code   RO         4532    i.TIM_OC4_SetConfig  stm32f4xx_hal_tim.o
    0x08005a78   0x08005a78   0x00000022   Code   RO         4534    i.TIM_TI1_ConfigInputStage  stm32f4xx_hal_tim.o
    0x08005a9a   0x08005a9a   0x00000024   Code   RO         4536    i.TIM_TI2_ConfigInputStage  stm32f4xx_hal_tim.o
    0x08005abe   0x08005abe   0x00000010   Code   RO         5392    i.UART_DMAAbortOnError  stm32f4xx_hal_uart.o
    0x08005ace   0x08005ace   0x0000004a   Code   RO         5393    i.UART_DMAError     stm32f4xx_hal_uart.o
    0x08005b18   0x08005b18   0x0000003c   Code   RO         5394    i.UART_DMAReceiveCplt  stm32f4xx_hal_uart.o
    0x08005b54   0x08005b54   0x0000000a   Code   RO         5396    i.UART_DMARxHalfCplt  stm32f4xx_hal_uart.o
    0x08005b5e   0x08005b5e   0x0000001c   Code   RO         5402    i.UART_EndRxTransfer  stm32f4xx_hal_uart.o
    0x08005b7a   0x08005b7a   0x00000012   Code   RO         5403    i.UART_EndTxTransfer  stm32f4xx_hal_uart.o
    0x08005b8c   0x08005b8c   0x00000096   Code   RO         5404    i.UART_Receive_IT   stm32f4xx_hal_uart.o
    0x08005c22   0x08005c22   0x00000002   PAD
    0x08005c24   0x08005c24   0x00000128   Code   RO         5405    i.UART_SetConfig    stm32f4xx_hal_uart.o
    0x08005d4c   0x08005d4c   0x00000062   Code   RO         5406    i.UART_Transmit_IT  stm32f4xx_hal_uart.o
    0x08005dae   0x08005dae   0x00000002   PAD
    0x08005db0   0x08005db0   0x00000048   Code   RO          724    i.USART1_IRQHandler  stm32f4xx_it.o
    0x08005df8   0x08005df8   0x000000d4   Code   RO          725    i.USART2_IRQHandler  stm32f4xx_it.o
    0x08005ecc   0x08005ecc   0x0000003c   Code   RO         6515    i.USART2_Init       drv_usart.o
    0x08005f08   0x08005f08   0x00000062   Code   RO         5989    i.USBD_CDC_DataIn   usbd_cdc.o
    0x08005f6a   0x08005f6a   0x0000002a   Code   RO         5990    i.USBD_CDC_DataOut  usbd_cdc.o
    0x08005f94   0x08005f94   0x0000004a   Code   RO         5991    i.USBD_CDC_DeInit   usbd_cdc.o
    0x08005fde   0x08005fde   0x00000024   Code   RO         5992    i.USBD_CDC_EP0_RxReady  usbd_cdc.o
    0x08006002   0x08006002   0x00000002   PAD
    0x08006004   0x08006004   0x0000000c   Code   RO         5993    i.USBD_CDC_GetDeviceQualifierDescriptor  usbd_cdc.o
    0x08006010   0x08006010   0x0000000c   Code   RO         5994    i.USBD_CDC_GetFSCfgDesc  usbd_cdc.o
    0x0800601c   0x0800601c   0x0000000c   Code   RO         5995    i.USBD_CDC_GetHSCfgDesc  usbd_cdc.o
    0x08006028   0x08006028   0x0000000c   Code   RO         5996    i.USBD_CDC_GetOtherSpeedCfgDesc  usbd_cdc.o
    0x08006034   0x08006034   0x000000a2   Code   RO         5997    i.USBD_CDC_Init     usbd_cdc.o
    0x080060d6   0x080060d6   0x00000028   Code   RO         5998    i.USBD_CDC_ReceivePacket  usbd_cdc.o
    0x080060fe   0x080060fe   0x0000000e   Code   RO         5999    i.USBD_CDC_RegisterInterface  usbd_cdc.o
    0x0800610c   0x0800610c   0x0000000c   Code   RO         6000    i.USBD_CDC_SetRxBuffer  usbd_cdc.o
    0x08006118   0x08006118   0x00000010   Code   RO         6001    i.USBD_CDC_SetTxBuffer  usbd_cdc.o
    0x08006128   0x08006128   0x000000b0   Code   RO         6002    i.USBD_CDC_Setup    usbd_cdc.o
    0x080061d8   0x080061d8   0x00000010   Code   RO         5718    i.USBD_ClrClassConfig  usbd_core.o
    0x080061e8   0x080061e8   0x00000010   Code   RO         5929    i.USBD_CtlContinueRx  usbd_ioreq.o
    0x080061f8   0x080061f8   0x00000010   Code   RO         5930    i.USBD_CtlContinueSendData  usbd_ioreq.o
    0x08006208   0x08006208   0x00000016   Code   RO         5857    i.USBD_CtlError     usbd_ctlreq.o
    0x0800621e   0x0800621e   0x0000001e   Code   RO         5931    i.USBD_CtlPrepareRx  usbd_ioreq.o
    0x0800623c   0x0800623c   0x00000016   Code   RO         5932    i.USBD_CtlReceiveStatus  usbd_ioreq.o
    0x08006252   0x08006252   0x0000001a   Code   RO         5933    i.USBD_CtlSendData  usbd_ioreq.o
    0x0800626c   0x0800626c   0x00000016   Code   RO         5934    i.USBD_CtlSendStatus  usbd_ioreq.o
    0x08006282   0x08006282   0x00000002   PAD
    0x08006284   0x08006284   0x00000020   Code   RO          960    i.USBD_FS_ConfigStrDescriptor  usbd_desc.o
    0x080062a4   0x080062a4   0x0000000c   Code   RO          961    i.USBD_FS_DeviceDescriptor  usbd_desc.o
    0x080062b0   0x080062b0   0x00000024   Code   RO          962    i.USBD_FS_InterfaceStrDescriptor  usbd_desc.o
    0x080062d4   0x080062d4   0x0000000c   Code   RO          963    i.USBD_FS_LangIDStrDescriptor  usbd_desc.o
    0x080062e0   0x080062e0   0x00000028   Code   RO          964    i.USBD_FS_ManufacturerStrDescriptor  usbd_desc.o
    0x08006308   0x08006308   0x0000002c   Code   RO          965    i.USBD_FS_ProductStrDescriptor  usbd_desc.o
    0x08006334   0x08006334   0x00000038   Code   RO          966    i.USBD_FS_SerialStrDescriptor  usbd_desc.o
    0x0800636c   0x0800636c   0x0000000c   Code   RO          967    i.USBD_FS_USR_BOSDescriptor  usbd_desc.o
    0x08006378   0x08006378   0x000000fa   Code   RO         5858    i.USBD_GetDescriptor  usbd_ctlreq.o
    0x08006472   0x08006472   0x00000048   Code   RO         5859    i.USBD_GetString    usbd_ctlreq.o
    0x080064ba   0x080064ba   0x00000018   Code   RO         1122    i.USBD_Get_USB_Status  usbd_conf.o
    0x080064d2   0x080064d2   0x00000034   Code   RO         5720    i.USBD_Init         usbd_core.o
    0x08006506   0x08006506   0x00000012   Code   RO         1123    i.USBD_LL_ClearStallEP  usbd_conf.o
    0x08006518   0x08006518   0x00000012   Code   RO         1124    i.USBD_LL_CloseEP   usbd_conf.o
    0x0800652a   0x0800652a   0x000000aa   Code   RO         5721    i.USBD_LL_DataInStage  usbd_core.o
    0x080065d4   0x080065d4   0x0000006e   Code   RO         5722    i.USBD_LL_DataOutStage  usbd_core.o
    0x08006642   0x08006642   0x00000004   Code   RO         5723    i.USBD_LL_DevConnected  usbd_core.o
    0x08006646   0x08006646   0x00000018   Code   RO         5724    i.USBD_LL_DevDisconnected  usbd_core.o
    0x0800665e   0x0800665e   0x00000008   Code   RO         1128    i.USBD_LL_GetRxDataSize  usbd_conf.o
    0x08006666   0x08006666   0x00000002   PAD
    0x08006668   0x08006668   0x00000060   Code   RO         1129    i.USBD_LL_Init      usbd_conf.o
    0x080066c8   0x080066c8   0x00000020   Code   RO         1130    i.USBD_LL_IsStallEP  usbd_conf.o
    0x080066e8   0x080066e8   0x00000004   Code   RO         5725    i.USBD_LL_IsoINIncomplete  usbd_core.o
    0x080066ec   0x080066ec   0x00000004   Code   RO         5726    i.USBD_LL_IsoOUTIncomplete  usbd_core.o
    0x080066f0   0x080066f0   0x00000018   Code   RO         1131    i.USBD_LL_OpenEP    usbd_conf.o
    0x08006708   0x08006708   0x00000012   Code   RO         1132    i.USBD_LL_PrepareReceive  usbd_conf.o
    0x0800671a   0x0800671a   0x00000052   Code   RO         5727    i.USBD_LL_Reset     usbd_core.o
    0x0800676c   0x0800676c   0x00000014   Code   RO         5728    i.USBD_LL_Resume    usbd_core.o
    0x08006780   0x08006780   0x00000018   Code   RO         5729    i.USBD_LL_SOF       usbd_core.o
    0x08006798   0x08006798   0x00000006   Code   RO         5730    i.USBD_LL_SetSpeed  usbd_core.o
    0x0800679e   0x0800679e   0x00000012   Code   RO         1133    i.USBD_LL_SetUSBAddress  usbd_conf.o
    0x080067b0   0x080067b0   0x00000060   Code   RO         5731    i.USBD_LL_SetupStage  usbd_core.o
    0x08006810   0x08006810   0x00000012   Code   RO         1134    i.USBD_LL_StallEP   usbd_conf.o
    0x08006822   0x08006822   0x00000012   Code   RO         1135    i.USBD_LL_Start     usbd_conf.o
    0x08006834   0x08006834   0x00000012   Code   RO         5732    i.USBD_LL_Suspend   usbd_core.o
    0x08006846   0x08006846   0x00000012   Code   RO         1137    i.USBD_LL_Transmit  usbd_conf.o
    0x08006858   0x08006858   0x0000002c   Code   RO         5860    i.USBD_ParseSetupRequest  usbd_ctlreq.o
    0x08006884   0x08006884   0x00000022   Code   RO         5733    i.USBD_RegisterClass  usbd_core.o
    0x080068a6   0x080068a6   0x00000014   Code   RO         5735    i.USBD_SetClassConfig  usbd_core.o
    0x080068ba   0x080068ba   0x00000002   PAD
    0x080068bc   0x080068bc   0x000000bc   Code   RO         5861    i.USBD_SetConfig    usbd_ctlreq.o
    0x08006978   0x08006978   0x00000004   Code   RO         5736    i.USBD_Start        usbd_core.o
    0x0800697c   0x0800697c   0x00000114   Code   RO         5862    i.USBD_StdDevReq    usbd_ctlreq.o
    0x08006a90   0x08006a90   0x0000014c   Code   RO         5863    i.USBD_StdEPReq     usbd_ctlreq.o
    0x08006bdc   0x08006bdc   0x00000052   Code   RO         5864    i.USBD_StdItfReq    usbd_ctlreq.o
    0x08006c2e   0x08006c2e   0x00000002   Code   RO         1138    i.USBD_static_free  usbd_conf.o
    0x08006c30   0x08006c30   0x00000008   Code   RO         1139    i.USBD_static_malloc  usbd_conf.o
    0x08006c38   0x08006c38   0x00000080   Code   RO         1602    i.USB_ActivateEndpoint  stm32f4xx_ll_usb.o
    0x08006cb8   0x08006cb8   0x0000001c   Code   RO         1604    i.USB_ActivateSetup  stm32f4xx_ll_usb.o
    0x08006cd4   0x08006cd4   0x00000074   Code   RO         1606    i.USB_CoreInit      stm32f4xx_ll_usb.o
    0x08006d48   0x08006d48   0x00000038   Code   RO         1607    i.USB_CoreReset     stm32f4xx_ll_usb.o
    0x08006d80   0x08006d80   0x000000cc   Code   RO         1610    i.USB_DeactivateEndpoint  stm32f4xx_ll_usb.o
    0x08006e4c   0x08006e4c   0x0000001c   Code   RO         1611    i.USB_DevConnect    stm32f4xx_ll_usb.o
    0x08006e68   0x08006e68   0x0000001c   Code   RO         1612    i.USB_DevDisconnect  stm32f4xx_ll_usb.o
    0x08006e84   0x08006e84   0x00000170   Code   RO         1613    i.USB_DevInit       stm32f4xx_ll_usb.o
    0x08006ff4   0x08006ff4   0x0000000c   Code   RO         1614    i.USB_DisableGlobalInt  stm32f4xx_ll_usb.o
    0x08007000   0x08007000   0x00000118   Code   RO         1617    i.USB_EP0StartXfer  stm32f4xx_ll_usb.o
    0x08007118   0x08007118   0x00000058   Code   RO         1618    i.USB_EP0_OutStart  stm32f4xx_ll_usb.o
    0x08007170   0x08007170   0x00000058   Code   RO         1619    i.USB_EPClearStall  stm32f4xx_ll_usb.o
    0x080071c8   0x080071c8   0x00000058   Code   RO         1620    i.USB_EPSetStall    stm32f4xx_ll_usb.o
    0x08007220   0x08007220   0x000001e8   Code   RO         1621    i.USB_EPStartXfer   stm32f4xx_ll_usb.o
    0x08007408   0x08007408   0x0000000c   Code   RO         1622    i.USB_EnableGlobalInt  stm32f4xx_ll_usb.o
    0x08007414   0x08007414   0x00000020   Code   RO         1623    i.USB_FlushRxFifo   stm32f4xx_ll_usb.o
    0x08007434   0x08007434   0x00000024   Code   RO         1624    i.USB_FlushTxFifo   stm32f4xx_ll_usb.o
    0x08007458   0x08007458   0x0000001a   Code   RO         1626    i.USB_GetDevSpeed   stm32f4xx_ll_usb.o
    0x08007472   0x08007472   0x00000008   Code   RO         1628    i.USB_GetMode       stm32f4xx_ll_usb.o
    0x0800747a   0x0800747a   0x0000000e   Code   RO         1635    i.USB_ReadDevAllInEpInterrupt  stm32f4xx_ll_usb.o
    0x08007488   0x08007488   0x0000000e   Code   RO         1636    i.USB_ReadDevAllOutEpInterrupt  stm32f4xx_ll_usb.o
    0x08007496   0x08007496   0x00000024   Code   RO         1637    i.USB_ReadDevInEPInterrupt  stm32f4xx_ll_usb.o
    0x080074ba   0x080074ba   0x00000010   Code   RO         1638    i.USB_ReadDevOutEPInterrupt  stm32f4xx_ll_usb.o
    0x080074ca   0x080074ca   0x00000008   Code   RO         1639    i.USB_ReadInterrupts  stm32f4xx_ll_usb.o
    0x080074d2   0x080074d2   0x0000001c   Code   RO         1640    i.USB_ReadPacket    stm32f4xx_ll_usb.o
    0x080074ee   0x080074ee   0x0000002e   Code   RO         1642    i.USB_SetCurrentMode  stm32f4xx_ll_usb.o
    0x0800751c   0x0800751c   0x00000022   Code   RO         1643    i.USB_SetDevAddress  stm32f4xx_ll_usb.o
    0x0800753e   0x0800753e   0x00000002   PAD
    0x08007540   0x08007540   0x000000e8   Code   RO         1645    i.USB_SetTurnaroundTime  stm32f4xx_ll_usb.o
    0x08007628   0x08007628   0x00000024   Code   RO         1648    i.USB_WritePacket   stm32f4xx_ll_usb.o
    0x0800764c   0x0800764c   0x000000a8   Code   RO         6758    i.Update_data       judge.o
    0x080076f4   0x080076f4   0x00000002   Code   RO          726    i.UsageFault_Handler  stm32f4xx_it.o
    0x080076f6   0x080076f6   0x00000002   PAD
    0x080076f8   0x080076f8   0x0000003c   Code   RO         6579    i.Verify_CRC16_Check_Sum  crc.o
    0x08007734   0x08007734   0x00000026   Code   RO         6580    i.Verify_CRC8_Check_Sum  crc.o
    0x0800775a   0x0800775a   0x00000002   PAD
    0x0800775c   0x0800775c   0x000001fc   Code   RO         6099    i.Vision_control    arm_task.o
    0x08007958   0x08007958   0x00000020   Code   RO         2760    i.__NVIC_SetPriority  stm32f4xx_hal_cortex.o
    0x08007978   0x08007978   0x00000094   Code   RO         6100    i.dji_motor_control  arm_task.o
    0x08007a0c   0x08007a0c   0x00000080   Code   RO         6101    i.dji_motor_get     arm_task.o
    0x08007a8c   0x08007a8c   0x0000002c   Code   RO         6516    i.dma_m0_rxcplt_callback  drv_usart.o
    0x08007ab8   0x08007ab8   0x0000002c   Code   RO         6517    i.dma_m1_rxcplt_callback  drv_usart.o
    0x08007ae4   0x08007ae4   0x0000008c   Code   RO           16    i.main              main.o
    0x08007b70   0x08007b70   0x0000000c   Code   RO         7601    i.makeFreeRtosPriority  cmsis_os.o
    0x08007b7c   0x08007b7c   0x0000000e   Code   RO         7603    i.osDelay           cmsis_os.o
    0x08007b8a   0x08007b8a   0x0000000a   Code   RO         7606    i.osKernelStart     cmsis_os.o
    0x08007b94   0x08007b94   0x00000054   Code   RO         7640    i.osThreadCreate    cmsis_os.o
    0x08007be8   0x08007be8   0x000000a6   Code   RO         6646    i.pid_calc          pid.o
    0x08007c8e   0x08007c8e   0x00000006   Code   RO         6647    i.pid_init          pid.o
    0x08007c94   0x08007c94   0x00000070   Code   RO         7295    i.prvAddCurrentTaskToDelayedList  tasks.o
    0x08007d04   0x08007d04   0x000000d0   Code   RO         7296    i.prvAddNewTaskToReadyList  tasks.o
    0x08007dd4   0x08007dd4   0x00000034   Code   RO         7297    i.prvDeleteTCB      tasks.o
    0x08007e08   0x08007e08   0x0000004c   Code   RO         7968    i.prvHeapInit       heap_4.o
    0x08007e54   0x08007e54   0x00000060   Code   RO         7298    i.prvIdleTask       tasks.o
    0x08007eb4   0x08007eb4   0x00000098   Code   RO         7299    i.prvInitialiseNewTask  tasks.o
    0x08007f4c   0x08007f4c   0x0000004c   Code   RO         7969    i.prvInsertBlockIntoFreeList  heap_4.o
    0x08007f98   0x08007f98   0x00000020   Code   RO         7300    i.prvResetNextTaskUnblockTime  tasks.o
    0x08007fb8   0x08007fb8   0x00000028   Code   RO         8031    i.prvTaskExitError  port.o
    0x08007fe0   0x08007fe0   0x000000d8   Code   RO         7970    i.pvPortMalloc      heap_4.o
    0x080080b8   0x080080b8   0x0000002c   Code   RO         8032    i.pxPortInitialiseStack  port.o
    0x080080e4   0x080080e4   0x000000dc   Code   RO         6795    i.remote_data_read  rc_potocal.o
    0x080081c0   0x080081c0   0x0000005c   Code   RO         6648    i.set_motor_voltage  pid.o
    0x0800821c   0x0800821c   0x0000005c   Code   RO         6649    i.set_motor_voltage_can_2  pid.o
    0x08008278   0x08008278   0x00000028   Code   RO         6360    i.uint_to_float     drv_can.o
    0x080082a0   0x080082a0   0x00000026   Code   RO         6931    i.uxListRemove      list.o
    0x080082c6   0x080082c6   0x00000002   PAD
    0x080082c8   0x080082c8   0x00000014   Code   RO          324    i.vApplicationGetIdleTaskMemory  freertos.o
    0x080082dc   0x080082dc   0x00000016   Code   RO         6932    i.vListInitialise   list.o
    0x080082f2   0x080082f2   0x00000006   Code   RO         6933    i.vListInitialiseItem  list.o
    0x080082f8   0x080082f8   0x00000030   Code   RO         6934    i.vListInsert       list.o
    0x08008328   0x08008328   0x00000018   Code   RO         6935    i.vListInsertEnd    list.o
    0x08008340   0x08008340   0x00000040   Code   RO         8034    i.vPortEnterCritical  port.o
    0x08008380   0x08008380   0x00000028   Code   RO         8035    i.vPortExitCritical  port.o
    0x080083a8   0x080083a8   0x0000005c   Code   RO         7971    i.vPortFree         heap_4.o
    0x08008404   0x08008404   0x00000024   Code   RO         8036    i.vPortSetupTimerInterrupt  port.o
    0x08008428   0x08008428   0x0000004c   Code   RO         7308    i.vTaskDelay        tasks.o
    0x08008474   0x08008474   0x0000006c   Code   RO         7321    i.vTaskStartScheduler  tasks.o
    0x080084e0   0x080084e0   0x00000010   Code   RO         7323    i.vTaskSuspendAll   tasks.o
    0x080084f0   0x080084f0   0x0000005c   Code   RO         7324    i.vTaskSwitchContext  tasks.o
    0x0800854c   0x0800854c   0x000000f4   Code   RO         8038    i.xPortStartScheduler  port.o
    0x08008640   0x08008640   0x0000005a   Code   RO         7326    i.xTaskCreate       tasks.o
    0x0800869a   0x0800869a   0x00000056   Code   RO         7327    i.xTaskCreateStatic  tasks.o
    0x080086f0   0x080086f0   0x000000c8   Code   RO         7334    i.xTaskIncrementTick  tasks.o
    0x080087b8   0x080087b8   0x000000c4   Code   RO         7340    i.xTaskResumeAll    tasks.o
    0x0800887c   0x0800887c   0x00000062   Code   RO         8122    x$fpl$d2f           fz_wm.l(d2f.o)
    0x080088de   0x080088de   0x00000002   PAD
    0x080088e0   0x080088e0   0x00000150   Code   RO         8124    x$fpl$dadd          fz_wm.l(daddsub_clz.o)
    0x08008a30   0x08008a30   0x0000009c   Code   RO         8139    x$fpl$dnaninf       fz_wm.l(dnaninf.o)
    0x08008acc   0x08008acc   0x0000000c   Code   RO         8141    x$fpl$dretinf       fz_wm.l(dretinf.o)
    0x08008ad8   0x08008ad8   0x000001d4   Code   RO         8126    x$fpl$dsub          fz_wm.l(daddsub_clz.o)
    0x08008cac   0x08008cac   0x00000056   Code   RO         8130    x$fpl$f2d           fz_wm.l(f2d.o)
    0x08008d02   0x08008d02   0x0000008c   Code   RO         8143    x$fpl$fnaninf       fz_wm.l(fnaninf.o)
    0x08008d8e   0x08008d8e   0x0000000a   Code   RO         8250    x$fpl$fpinit        fz_wm.l(fpinit.o)
    0x08008d98   0x08008d98   0x0000000a   Code   RO         8145    x$fpl$fretinf       fz_wm.l(fretinf.o)
    0x08008da2   0x08008da2   0x00000000   Code   RO         8147    x$fpl$usenofp       fz_wm.l(usenofp.o)
    0x08008da2   0x08008da2   0x00000002   PAD
    0x08008da4   0x08008da4   0x00000070   Data   RO          326    .constdata          freertos.o
    0x08008e14   0x08008e14   0x00000008   Data   RO         2459    .constdata          stm32f4xx_hal_dma.o
    0x08008e1c   0x08008e1c   0x00000010   Data   RO         5682    .constdata          system_stm32f4xx.o
    0x08008e2c   0x08008e2c   0x00000008   Data   RO         5683    .constdata          system_stm32f4xx.o
    0x08008e34   0x08008e34   0x0000000a   Data   RO         6197    .constdata          as5600_task.o
    0x08008e3e   0x08008e3e   0x00000300   Data   RO         6582    .constdata          crc.o
    0x0800913e   0x0800913e   0x00000002   PAD
    0x08009140   0x08009140   0x00000030   Data   RO          327    .conststring        freertos.o
    0x08009170   0x08009170   0x00000020   Data   RO         8308    Region$$Table       anon$$obj.o


    Execution Region RW_IRAM1 (Exec base: 0x20000000, Load base: 0x08009190, Size: 0x00007568, Max: 0x00020000, ABSOLUTE, COMPRESSED[0x00000110])

    Exec Addr    Load Addr    Size         Type   Attr      Idx    E Section Name        Object

    0x20000000   COMPRESSED   0x00000001   Data   RW           25    .data               main.o
    0x20000001   COMPRESSED   0x00000001   Data   RW           28    .data               main.o
    0x20000002   COMPRESSED   0x00000001   Data   RW           29    .data               main.o
    0x20000003   COMPRESSED   0x00000001   PAD
    0x20000004   COMPRESSED   0x00000002   Data   RW           37    .data               main.o
    0x20000006   COMPRESSED   0x00000002   PAD
    0x20000008   COMPRESSED   0x00000010   Data   RW          328    .data               freertos.o
    0x20000018   COMPRESSED   0x00000004   Data   RW          419    .data               can.o
    0x2000001c   COMPRESSED   0x00000020   Data   RW          969    .data               usbd_desc.o
    0x2000003c   COMPRESSED   0x0000003e   Data   RW          970    .data               usbd_desc.o
    0x2000007a   COMPRESSED   0x00000002   PAD
    0x2000007c   COMPRESSED   0x00000014   Data   RW         1058    .data               usbd_cdc_if.o
    0x20000090   COMPRESSED   0x0000000c   Data   RW         2904    .data               stm32f4xx_hal.o
    0x2000009c   COMPRESSED   0x00000004   Data   RW         5684    .data               system_stm32f4xx.o
    0x200000a0   COMPRESSED   0x00000001   Data   RW         5865    .data               usbd_ctlreq.o
    0x200000a1   COMPRESSED   0x00000003   PAD
    0x200000a4   COMPRESSED   0x000000d7   Data   RW         6004    .data               usbd_cdc.o
    0x2000017b   COMPRESSED   0x00000001   PAD
    0x2000017c   COMPRESSED   0x00000038   Data   RW         6005    .data               usbd_cdc.o
    0x200001b4   COMPRESSED   0x0000003c   Data   RW         6103    .data               arm_task.o
    0x200001f0   COMPRESSED   0x00000018   Data   RW         6198    .data               as5600_task.o
    0x20000208   COMPRESSED   0x00000024   Data   RW         6364    .data               drv_can.o
    0x2000022c   COMPRESSED   0x00000004   Data   RW         6365    .data               drv_can.o
    0x20000230   COMPRESSED   0x00000004   Data   RW         6366    .data               drv_can.o
    0x20000234   COMPRESSED   0x00000004   Data   RW         6367    .data               drv_can.o
    0x20000238   COMPRESSED   0x00000004   Data   RW         6368    .data               drv_can.o
    0x2000023c   COMPRESSED   0x00000004   Data   RW         6369    .data               drv_can.o
    0x20000240   COMPRESSED   0x00000004   Data   RW         6370    .data               drv_can.o
    0x20000244   COMPRESSED   0x00000004   Data   RW         6371    .data               drv_can.o
    0x20000248   COMPRESSED   0x00000004   Data   RW         6372    .data               drv_can.o
    0x2000024c   COMPRESSED   0x00000001   Data   RW         6520    .data               drv_usart.o
    0x2000024d   COMPRESSED   0x00000001   PAD
    0x2000024e   COMPRESSED   0x00000002   Data   RW         6583    .data               crc.o
    0x20000250   COMPRESSED   0x00000002   Data   RW         6651    .data               pid.o
    0x20000252   COMPRESSED   0x00000002   PAD
    0x20000254   COMPRESSED   0x00000014   Data   RW         6760    .data               judge.o
    0x20000268   COMPRESSED   0x00000010   Data   RW         6797    .data               rc_potocal.o
    0x20000278   COMPRESSED   0x0000003c   Data   RW         7343    .data               tasks.o
    0x200002b4   COMPRESSED   0x00000018   Data   RW         7976    .data               heap_4.o
    0x200002cc   COMPRESSED   0x0000000c   Data   RW         8039    .data               port.o
    0x200002d8        -       0x00000064   Zero   RW           17    .bss                main.o
    0x2000033c        -       0x00000054   Zero   RW           19    .bss                main.o
    0x20000390        -       0x00000054   Zero   RW           20    .bss                main.o
    0x200003e4        -       0x00000254   Zero   RW          325    .bss                freertos.o
    0x20000638        -       0x00000048   Zero   RW          375    .bss                adc.o
    0x20000680        -       0x00000050   Zero   RW          418    .bss                can.o
    0x200006d0        -       0x000000a8   Zero   RW          491    .bss                i2c.o
    0x20000778        -       0x000000b0   Zero   RW          539    .bss                spi.o
    0x20000828        -       0x00000080   Zero   RW          590    .bss                tim.o
    0x200008a8        -       0x00000280   Zero   RW          655    .bss                usart.o
    0x20000b28        -       0x0000007c   Zero   RW          727    .bss                stm32f4xx_it.o
    0x20000ba4        -       0x00000040   Zero   RW          875    .bss                stm32f4xx_hal_timebase_tim.o
    0x20000be4        -       0x000002d0   Zero   RW          912    .bss                usb_device.o
    0x20000eb4        -       0x00000200   Zero   RW          968    .bss                usbd_desc.o
    0x200010b4        -       0x00001000   Zero   RW         1057    .bss                usbd_cdc_if.o
    0x200020b4        -       0x00000628   Zero   RW         1140    .bss                usbd_conf.o
    0x200026dc        -       0x00000138   Zero   RW         6102    .bss                arm_task.o
    0x20002814        -       0x000000a8   Zero   RW         6361    .bss                drv_can.o
    0x200028bc        -       0x00000190   Zero   RW         6519    .bss                drv_usart.o
    0x20002a4c        -       0x00000118   Zero   RW         6650    .bss                pid.o
    0x20002b64        -       0x0000009e   Zero   RW         6759    .bss                judge.o
    0x20002c02        -       0x00000016   Zero   RW         6796    .bss                rc_potocal.o
    0x20002c18        -       0x000000f0   Zero   RW         7342    .bss                tasks.o
    0x20002d08        -       0x00003c00   Zero   RW         7975    .bss                heap_4.o
    0x20006908        -       0x00000060   Zero   RW         8180    .bss                c_w.l(libspace.o)
    0x20006968        -       0x00000400   Zero   RW            2    HEAP                startup_stm32f446xx.o
    0x20006d68        -       0x00000800   Zero   RW            1    STACK               startup_stm32f446xx.o


==============================================================================

Image component sizes


      Code (inc. data)   RO Data    RW Data    ZI Data      Debug   Object Name

       196         28          0          0         72       1745   adc.o
      2338        356          0         60        312       9697   arm_task.o
       870         58         10         24          0       7986   as5600_task.o
       432         36          0          4         80       2574   can.o
       120          0          0          0          0      23237   cmsis_os.o
       170         16        768          2          0       3599   crc.o
       108          4          0          0          0        858   dma.o
       680         34          0         68        168     587839   drv_can.o
       728         52          0          1        400       3473   drv_usart.o
         0          0          0          0          0      15800   event_groups.o
       136         12        160         16        596       2805   freertos.o
       280         16          0          0          0       3142   gpio.o
       460         24          0         24      15360       7395   heap_4.o
       340         48          0          0        168       2466   i2c.o
       588         26          0         20        158       7060   judge.o
       138          0          0          0          0       3606   list.o
       310         22          0          5        268     796280   main.o
       816         50          0          2        280      10129   pid.o
       702         72          0         12          0      11196   port.o
       148         30          0          0          0        646   potocal_task.o
       220         10          0         16         22       3236   rc_potocal.o
       312         38          0          0        176       2446   spi.o
        64         26        452          0       3072        856   startup_stm32f446xx.o
       116         18          0         12          0       8654   stm32f4xx_hal.o
       736         34          0          0          0       2935   stm32f4xx_hal_adc.o
      1658          6          0          0          0      14483   stm32f4xx_hal_can.o
       158         14          0          0          0      33206   stm32f4xx_hal_cortex.o
      1080         16          8          0          0       7446   stm32f4xx_hal_dma.o
       458         40          0          0          0       3728   stm32f4xx_hal_gpio.o
       392         16          0          0          0       3127   stm32f4xx_hal_i2c.o
        56          4          0          0          0        890   stm32f4xx_hal_msp.o
      2380         14          0          0          0      12953   stm32f4xx_hal_pcd.o
       116          6          0          0          0       2516   stm32f4xx_hal_pcd_ex.o
       448         60          0          0          0       4095   stm32f4xx_hal_rcc.o
      2060         74          0          0          0       4538   stm32f4xx_hal_rcc_ex.o
       128          0          0          0          0       1187   stm32f4xx_hal_spi.o
      1810         98          0          0          0      16935   stm32f4xx_hal_tim.o
       232         28          0          0          0       3329   stm32f4xx_hal_tim_ex.o
       152         18          0          0         64       1511   stm32f4xx_hal_timebase_tim.o
      1434         30          0          0          0      13022   stm32f4xx_hal_uart.o
       416         90          0          0        124      10393   stm32f4xx_it.o
      2578        132          0          0          0      23043   stm32f4xx_ll_usb.o
         0          0          0          0          0        392   stream_buffer.o
        28          6         24          4          0       1191   system_stm32f4xx.o
      1516        110          0         60        240      19666   tasks.o
       572         58          0          0        128       3823   tim.o
       816         82          0          0        640       4313   usart.o
        84         18          0          0        720       2623   usb_device.o
       718         16          0        271          0      12883   usbd_cdc.o
        72         16          0         20       4096       3302   usbd_cdc_if.o
       768         28          0          0       1576      17877   usbd_conf.o
       688          0          0          0          0      12589   usbd_core.o
      1276         22          0          1          0      14184   usbd_ctlreq.o
       300        108          0         94        512       6937   usbd_desc.o
       132          0          0          0          0       4584   usbd_ioreq.o

    ----------------------------------------------------------------------
     33588       2120       1456        728      29232    1780426   Object Totals
         0          0         32          0          0          0   (incl. Generated)
        54          0          2         12          0          0   (incl. Padding)

    ----------------------------------------------------------------------

      Code (inc. data)   RO Data    RW Data    ZI Data      Debug   Library Member Name

        90          0          0          0          0          0   __dczerorl2.o
         8          0          0          0          0         68   __main.o
         0          0          0          0          0          0   __rtentry.o
        12          0          0          0          0          0   __rtentry2.o
         6          0          0          0          0          0   __rtentry4.o
        52          8          0          0          0          0   __scatter.o
        28          0          0          0          0          0   __scatter_zi.o
        18          0          0          0          0         80   exit.o
         6          0          0          0          0        152   heapauxi.o
         0          0          0          0          0          0   indicate_semi.o
         2          0          0          0          0          0   libinit.o
         6          0          0          0          0          0   libinit2.o
         2          0          0          0          0          0   libshutdown.o
         2          0          0          0          0          0   libshutdown2.o
         8          4          0          0         96         68   libspace.o
       238          0          0          0          0        100   lludivv7m.o
        78          0          0          0          0         80   rt_memclr_w.o
       138          0          0          0          0         68   rt_memcpy_v6.o
       100          0          0          0          0         80   rt_memcpy_w.o
         2          0          0          0          0          0   rtexit.o
        10          0          0          0          0          0   rtexit2.o
        12          4          0          0          0         68   sys_exit.o
        74          0          0          0          0         80   sys_stackheap_outer.o
         2          0          0          0          0         68   use_no_semi.o
        98          4          0          0          0        140   d2f.o
       804         16          0          0          0        368   daddsub_clz.o
       156          4          0          0          0        140   dnaninf.o
        12          0          0          0          0        116   dretinf.o
        86          4          0          0          0        132   f2d.o
       140          4          0          0          0        132   fnaninf.o
        10          0          0          0          0        116   fpinit.o
        10          0          0          0          0        116   fretinf.o
         0          0          0          0          0          0   usenofp.o

    ----------------------------------------------------------------------
      2220         48          0          0         96       2172   Library Totals
        10          0          0          0          0          0   (incl. Padding)

    ----------------------------------------------------------------------

      Code (inc. data)   RO Data    RW Data    ZI Data      Debug   Library Name

       894         16          0          0         96        912   c_w.l
      1316         32          0          0          0       1260   fz_wm.l

    ----------------------------------------------------------------------
      2220         48          0          0         96       2172   Library Totals

    ----------------------------------------------------------------------

==============================================================================


      Code (inc. data)   RO Data    RW Data    ZI Data      Debug   

     35808       2168       1456        728      29328    1746834   Grand Totals
     35808       2168       1456        272      29328    1746834   ELF Image Totals (compressed)
     35808       2168       1456        272          0          0   ROM Totals

==============================================================================

    Total RO  Size (Code + RO Data)                37264 (  36.39kB)
    Total RW  Size (RW Data + ZI Data)             30056 (  29.35kB)
    Total ROM Size (Code + RO Data + RW Data)      37536 (  36.66kB)

==============================================================================

